150.250.5.23 - - [21/Feb/2018:21:25:15 +0000] "POST /test/index.php HTTP/1.1" 200 610 "http://ec2-54-157-62-1.compute-1.amazonaws.com/test/index.php" "Mozilla/5.0 (Windows NT 10.0; Win64; x64) AppleWebKit/537.36 (KHTML, like Gecko) Chrome/63.0.3239.132 Safari/537.36"
150.250.5.23 - - [21/Feb/2018:21:25:15 +0000] "POST /test/index.php HTTP/1.1" 200 610 "http://ec2-54-157-62-1.compute-1.amazonaws.com/test/index.php" "Mozilla/5.0 (Windows NT 10.0; Win64; x64) AppleWebKit/537.36 (KHTML, like Gecko) Chrome/63.0.3239.132 Safari/537.36"
150.250.5.23 - - [21/Feb/2018:21:25:15 +0000] "POST /test/index.php HTTP/1.1" 200 610 "http://ec2-54-157-62-1.compute-1.amazonaws.com/test/index.php" "Mozilla/5.0 (Windows NT 10.0; Win64; x64) AppleWebKit/537.36 (KHTML, like Gecko) Chrome/63.0.3239.132 Safari/537.36"
150.250.5.23 - - [21/Feb/2018:21:25:15 +0000] "POST /test/index.php HTTP/1.1" 200 610 "http://ec2-54-157-62-1.compute-1.amazonaws.com/test/index.php" "Mozilla/5.0 (Windows NT 10.0; Win64; x64) AppleWebKit/537.36 (KHTML, like Gecko) Chrome/63.0.3239.132 Safari/537.36"
150.250.5.23 - - [21/Feb/2018:21:25:16 +0000] "POST /test/index.php HTTP/1.1" 200 610 "http://ec2-54-157-62-1.compute-1.amazonaws.com/test/index.php" "Mozilla/5.0 (Windows NT 10.0; Win64; x64) AppleWebKit/537.36 (KHTML, like Gecko) Chrome/63.0.3239.132 Safari/537.36"
150.250.5.23 - - [21/Feb/2018:21:27:32 +0000] "GET /test/index.php HTTP/1.1" 200 610 "-" "Mozilla/5.0 (Windows NT 10.0; Win64; x64) AppleWebKit/537.36 (KHTML, like Gecko) Chrome/63.0.3239.132 Safari/537.36"
150.250.5.23 - - [21/Feb/2018:21:27:35 +0000] "GET /test/index.php HTTP/1.1" 200 610 "http://ec2-54-157-62-1.compute-1.amazonaws.com/" "Mozilla/5.0 (Windows NT 10.0; Win64; x64) AppleWebKit/537.36 (KHTML, like Gecko) Chrome/63.0.3239.132 Safari/537.36"
150.250.5.23 - - [21/Feb/2018:21:27:48 +0000] "GET /test/log/index.php HTTP/1.1" 200 101 "-" "Mozilla/5.0 (Windows NT 10.0; Win64; x64) AppleWebKit/537.36 (KHTML, like Gecko) Chrome/63.0.3239.132 Safari/537.36"
150.250.5.23 - - [21/Feb/2018:21:32:01 +0000] "GET / HTTP/1.1" 304 - "-" "Mozilla/5.0 (Windows NT 10.0; Win64; x64) AppleWebKit/537.36 (KHTML, like Gecko) Chrome/63.0.3239.132 Safari/537.36"
150.250.5.23 - - [21/Feb/2018:21:32:03 +0000] "GET /test/index.php HTTP/1.1" 500 - "http://ec2-54-157-62-1.compute-1.amazonaws.com/" "Mozilla/5.0 (Windows NT 10.0; Win64; x64) AppleWebKit/537.36 (KHTML, like Gecko) Chrome/63.0.3239.132 Safari/537.36"
150.250.5.23 - - [21/Feb/2018:21:32:05 +0000] "GET /test/index.php HTTP/1.1" 500 - "-" "Mozilla/5.0 (Windows NT 10.0; Win64; x64) AppleWebKit/537.36 (KHTML, like Gecko) Chrome/63.0.3239.132 Safari/537.36"
150.250.5.23 - - [21/Feb/2018:21:41:23 +0000] "GET /test/index.php HTTP/1.1" 500 - "-" "Mozilla/5.0 (Windows NT 10.0; Win64; x64) AppleWebKit/537.36 (KHTML, like Gecko) Chrome/63.0.3239.132 Safari/537.36"
150.250.5.23 - - [21/Feb/2018:21:41:24 +0000] "GET /test/index.php HTTP/1.1" 500 - "-" "Mozilla/5.0 (Windows NT 10.0; Win64; x64) AppleWebKit/537.36 (KHTML, like Gecko) Chrome/63.0.3239.132 Safari/537.36"
150.250.5.23 - - [21/Feb/2018:21:41:24 +0000] "GET /test/index.php HTTP/1.1" 500 - "-" "Mozilla/5.0 (Windows NT 10.0; Win64; x64) AppleWebKit/537.36 (KHTML, like Gecko) Chrome/63.0.3239.132 Safari/537.36"
150.250.5.23 - - [21/Feb/2018:21:41:24 +0000] "GET /test/index.php HTTP/1.1" 500 - "-" "Mozilla/5.0 (Windows NT 10.0; Win64; x64) AppleWebKit/537.36 (KHTML, like Gecko) Chrome/63.0.3239.132 Safari/537.36"
150.250.5.23 - - [21/Feb/2018:21:41:24 +0000] "GET /test/index.php HTTP/1.1" 500 - "-" "Mozilla/5.0 (Windows NT 10.0; Win64; x64) AppleWebKit/537.36 (KHTML, like Gecko) Chrome/63.0.3239.132 Safari/537.36"
150.250.5.18 - - [21/Feb/2018:21:43:42 +0000] "GET / HTTP/1.1" 304 - "-" "Mozilla/5.0 (Windows NT 10.0; Win64; x64) AppleWebKit/537.36 (KHTML, like Gecko) Chrome/64.0.3282.167 Safari/537.36"
150.250.5.18 - - [21/Feb/2018:21:43:45 +0000] "GET /test/index.php HTTP/1.1" 500 - "http://ec2-54-157-62-1.compute-1.amazonaws.com/" "Mozilla/5.0 (Windows NT 10.0; Win64; x64) AppleWebKit/537.36 (KHTML, like Gecko) Chrome/64.0.3282.167 Safari/537.36"
150.250.5.18 - - [21/Feb/2018:21:43:54 +0000] "GET /test/index.php HTTP/1.1" 500 - "http://ec2-54-157-62-1.compute-1.amazonaws.com/" "Mozilla/5.0 (Windows NT 10.0; Win64; x64) AppleWebKit/537.36 (KHTML, like Gecko) Chrome/64.0.3282.167 Safari/537.36"
150.250.5.23 - - [21/Feb/2018:21:47:36 +0000] "GET /test/index.php HTTP/1.1" 500 - "-" "Mozilla/5.0 (Windows NT 10.0; Win64; x64) AppleWebKit/537.36 (KHTML, like Gecko) Chrome/63.0.3239.132 Safari/537.36"
150.250.5.23 - - [21/Feb/2018:21:47:36 +0000] "GET /test/index.php HTTP/1.1" 500 - "-" "Mozilla/5.0 (Windows NT 10.0; Win64; x64) AppleWebKit/537.36 (KHTML, like Gecko) Chrome/63.0.3239.132 Safari/537.36"
150.250.5.23 - - [21/Feb/2018:21:47:37 +0000] "GET /test/index.php HTTP/1.1" 500 - "-" "Mozilla/5.0 (Windows NT 10.0; Win64; x64) AppleWebKit/537.36 (KHTML, like Gecko) Chrome/63.0.3239.132 Safari/537.36"
150.250.5.23 - - [21/Feb/2018:21:47:37 +0000] "GET /test/index.php HTTP/1.1" 500 - "-" "Mozilla/5.0 (Windows NT 10.0; Win64; x64) AppleWebKit/537.36 (KHTML, like Gecko) Chrome/63.0.3239.132 Safari/537.36"
150.250.5.23 - - [21/Feb/2018:21:47:37 +0000] "GET /test/index.php HTTP/1.1" 500 - "-" "Mozilla/5.0 (Windows NT 10.0; Win64; x64) AppleWebKit/537.36 (KHTML, like Gecko) Chrome/63.0.3239.132 Safari/537.36"
150.250.5.23 - - [21/Feb/2018:21:47:37 +0000] "GET /test/index.php HTTP/1.1" 500 - "-" "Mozilla/5.0 (Windows NT 10.0; Win64; x64) AppleWebKit/537.36 (KHTML, like Gecko) Chrome/63.0.3239.132 Safari/537.36"
150.250.5.23 - - [21/Feb/2018:21:47:37 +0000] "GET /test/index.php HTTP/1.1" 500 - "-" "Mozilla/5.0 (Windows NT 10.0; Win64; x64) AppleWebKit/537.36 (KHTML, like Gecko) Chrome/63.0.3239.132 Safari/537.36"
150.250.5.23 - - [21/Feb/2018:21:47:37 +0000] "GET /test/index.php HTTP/1.1" 500 - "-" "Mozilla/5.0 (Windows NT 10.0; Win64; x64) AppleWebKit/537.36 (KHTML, like Gecko) Chrome/63.0.3239.132 Safari/537.36"
150.250.5.23 - - [21/Feb/2018:21:47:37 +0000] "GET /test/index.php HTTP/1.1" 500 - "-" "Mozilla/5.0 (Windows NT 10.0; Win64; x64) AppleWebKit/537.36 (KHTML, like Gecko) Chrome/63.0.3239.132 Safari/537.36"
150.250.5.23 - - [21/Feb/2018:21:47:38 +0000] "GET /test/index.php HTTP/1.1" 500 - "-" "Mozilla/5.0 (Windows NT 10.0; Win64; x64) AppleWebKit/537.36 (KHTML, like Gecko) Chrome/63.0.3239.132 Safari/537.36"
150.250.5.23 - - [21/Feb/2018:21:47:38 +0000] "GET /test/index.php HTTP/1.1" 500 - "-" "Mozilla/5.0 (Windows NT 10.0; Win64; x64) AppleWebKit/537.36 (KHTML, like Gecko) Chrome/63.0.3239.132 Safari/537.36"
150.250.5.23 - - [21/Feb/2018:21:47:38 +0000] "GET /test/index.php HTTP/1.1" 500 - "-" "Mozilla/5.0 (Windows NT 10.0; Win64; x64) AppleWebKit/537.36 (KHTML, like Gecko) Chrome/63.0.3239.132 Safari/537.36"
150.250.5.23 - - [21/Feb/2018:21:47:38 +0000] "GET /test/index.php HTTP/1.1" 500 - "-" "Mozilla/5.0 (Windows NT 10.0; Win64; x64) AppleWebKit/537.36 (KHTML, like Gecko) Chrome/63.0.3239.132 Safari/537.36"
150.250.5.23 - - [21/Feb/2018:21:47:38 +0000] "GET /test/index.php HTTP/1.1" 500 - "-" "Mozilla/5.0 (Windows NT 10.0; Win64; x64) AppleWebKit/537.36 (KHTML, like Gecko) Chrome/63.0.3239.132 Safari/537.36"
150.250.5.23 - - [21/Feb/2018:21:47:39 +0000] "GET /test/index.php HTTP/1.1" 500 - "-" "Mozilla/5.0 (Windows NT 10.0; Win64; x64) AppleWebKit/537.36 (KHTML, like Gecko) Chrome/63.0.3239.132 Safari/537.36"
150.250.5.23 - - [21/Feb/2018:21:47:40 +0000] "GET /test/index.php HTTP/1.1" 500 - "-" "Mozilla/5.0 (Windows NT 10.0; Win64; x64) AppleWebKit/537.36 (KHTML, like Gecko) Chrome/63.0.3239.132 Safari/537.36"
150.250.5.23 - - [21/Feb/2018:21:47:40 +0000] "GET /test/index.php HTTP/1.1" 500 - "-" "Mozilla/5.0 (Windows NT 10.0; Win64; x64) AppleWebKit/537.36 (KHTML, like Gecko) Chrome/63.0.3239.132 Safari/537.36"
150.250.5.23 - - [21/Feb/2018:21:47:40 +0000] "GET /test/index.php HTTP/1.1" 500 - "-" "Mozilla/5.0 (Windows NT 10.0; Win64; x64) AppleWebKit/537.36 (KHTML, like Gecko) Chrome/63.0.3239.132 Safari/537.36"
150.250.5.23 - - [21/Feb/2018:21:50:26 +0000] "GET /test/index.php HTTP/1.1" 500 - "http://ec2-54-157-62-1.compute-1.amazonaws.com/" "Mozilla/5.0 (Windows NT 10.0; Win64; x64) AppleWebKit/537.36 (KHTML, like Gecko) Chrome/63.0.3239.132 Safari/537.36"
150.250.5.23 - - [21/Feb/2018:21:51:55 +0000] "-" 408 - "-" "-"
150.250.5.23 - - [21/Feb/2018:21:55:56 +0000] "GET /test/index.php HTTP/1.1" 200 610 "-" "Mozilla/5.0 (Windows NT 10.0; Win64; x64) AppleWebKit/537.36 (KHTML, like Gecko) Chrome/63.0.3239.132 Safari/537.36"
150.250.5.23 - - [21/Feb/2018:21:55:56 +0000] "GET /stylesheet/operator.css HTTP/1.1" 304 - "http://ec2-54-157-62-1.compute-1.amazonaws.com/test/index.php" "Mozilla/5.0 (Windows NT 10.0; Win64; x64) AppleWebKit/537.36 (KHTML, like Gecko) Chrome/63.0.3239.132 Safari/537.36"
150.250.5.23 - - [21/Feb/2018:21:55:57 +0000] "GET /test/index.php HTTP/1.1" 200 610 "-" "Mozilla/5.0 (Windows NT 10.0; Win64; x64) AppleWebKit/537.36 (KHTML, like Gecko) Chrome/63.0.3239.132 Safari/537.36"
150.250.5.23 - - [21/Feb/2018:21:55:57 +0000] "GET /test/index.php HTTP/1.1" 200 610 "-" "Mozilla/5.0 (Windows NT 10.0; Win64; x64) AppleWebKit/537.36 (KHTML, like Gecko) Chrome/63.0.3239.132 Safari/537.36"
150.250.191.64 - - [21/Feb/2018:22:10:23 +0000] "GET / HTTP/1.1" 403 279 "-" "Mozilla/5.0 (Windows NT 6.1; Win64; x64) AppleWebKit/537.36 (KHTML, like Gecko) Chrome/63.0.3239.132 Safari/537.36"
150.250.191.64 - - [21/Feb/2018:22:10:23 +0000] "GET /favicon.ico HTTP/1.1" 403 290 "http://54.157.62.1/" "Mozilla/5.0 (Windows NT 6.1; Win64; x64) AppleWebKit/537.36 (KHTML, like Gecko) Chrome/63.0.3239.132 Safari/537.36"
150.250.5.18 - - [21/Feb/2018:22:10:29 +0000] "GET / HTTP/1.1" 403 307 "-" "Mozilla/5.0 (Windows NT 10.0; Win64; x64) AppleWebKit/537.36 (KHTML, like Gecko) Chrome/64.0.3282.167 Safari/537.36"
150.250.5.23 - - [21/Feb/2018:22:11:41 +0000] "GET /test/index.php HTTP/1.1" 403 321 "http://ec2-54-157-62-1.compute-1.amazonaws.com/" "Mozilla/5.0 (Windows NT 10.0; Win64; x64) AppleWebKit/537.36 (KHTML, like Gecko) Chrome/63.0.3239.132 Safari/537.36"
150.250.5.23 - - [21/Feb/2018:22:12:08 +0000] "GET /test/index.php HTTP/1.1" 403 321 "http://ec2-54-157-62-1.compute-1.amazonaws.com/" "Mozilla/5.0 (Windows NT 10.0; Win64; x64) AppleWebKit/537.36 (KHTML, like Gecko) Chrome/63.0.3239.132 Safari/537.36"
150.250.5.23 - - [21/Feb/2018:22:12:09 +0000] "GET /test/index.php HTTP/1.1" 403 321 "http://ec2-54-157-62-1.compute-1.amazonaws.com/" "Mozilla/5.0 (Windows NT 10.0; Win64; x64) AppleWebKit/537.36 (KHTML, like Gecko) Chrome/63.0.3239.132 Safari/537.36"
150.250.5.23 - - [21/Feb/2018:22:12:10 +0000] "GET /test/index.php HTTP/1.1" 403 321 "http://ec2-54-157-62-1.compute-1.amazonaws.com/" "Mozilla/5.0 (Windows NT 10.0; Win64; x64) AppleWebKit/537.36 (KHTML, like Gecko) Chrome/63.0.3239.132 Safari/537.36"
150.250.5.23 - - [21/Feb/2018:22:12:10 +0000] "GET /test/index.php HTTP/1.1" 403 321 "http://ec2-54-157-62-1.compute-1.amazonaws.com/" "Mozilla/5.0 (Windows NT 10.0; Win64; x64) AppleWebKit/537.36 (KHTML, like Gecko) Chrome/63.0.3239.132 Safari/537.36"
150.250.5.23 - - [21/Feb/2018:22:12:10 +0000] "GET /test/index.php HTTP/1.1" 403 321 "http://ec2-54-157-62-1.compute-1.amazonaws.com/" "Mozilla/5.0 (Windows NT 10.0; Win64; x64) AppleWebKit/537.36 (KHTML, like Gecko) Chrome/63.0.3239.132 Safari/537.36"
150.250.5.23 - - [21/Feb/2018:22:12:11 +0000] "GET /test/index.php HTTP/1.1" 403 321 "http://ec2-54-157-62-1.compute-1.amazonaws.com/" "Mozilla/5.0 (Windows NT 10.0; Win64; x64) AppleWebKit/537.36 (KHTML, like Gecko) Chrome/63.0.3239.132 Safari/537.36"
150.250.5.23 - - [21/Feb/2018:22:12:11 +0000] "GET /test/index.php HTTP/1.1" 403 321 "http://ec2-54-157-62-1.compute-1.amazonaws.com/" "Mozilla/5.0 (Windows NT 10.0; Win64; x64) AppleWebKit/537.36 (KHTML, like Gecko) Chrome/63.0.3239.132 Safari/537.36"
150.250.5.23 - - [21/Feb/2018:22:12:11 +0000] "GET /test/index.php HTTP/1.1" 403 321 "http://ec2-54-157-62-1.compute-1.amazonaws.com/" "Mozilla/5.0 (Windows NT 10.0; Win64; x64) AppleWebKit/537.36 (KHTML, like Gecko) Chrome/63.0.3239.132 Safari/537.36"
150.250.5.23 - - [21/Feb/2018:22:12:11 +0000] "GET /test/index.php HTTP/1.1" 403 321 "http://ec2-54-157-62-1.compute-1.amazonaws.com/" "Mozilla/5.0 (Windows NT 10.0; Win64; x64) AppleWebKit/537.36 (KHTML, like Gecko) Chrome/63.0.3239.132 Safari/537.36"
150.250.5.23 - - [21/Feb/2018:22:12:11 +0000] "GET /test/index.php HTTP/1.1" 403 321 "http://ec2-54-157-62-1.compute-1.amazonaws.com/" "Mozilla/5.0 (Windows NT 10.0; Win64; x64) AppleWebKit/537.36 (KHTML, like Gecko) Chrome/63.0.3239.132 Safari/537.36"
150.250.5.23 - - [21/Feb/2018:22:12:12 +0000] "GET /test/index.php HTTP/1.1" 403 321 "http://ec2-54-157-62-1.compute-1.amazonaws.com/" "Mozilla/5.0 (Windows NT 10.0; Win64; x64) AppleWebKit/537.36 (KHTML, like Gecko) Chrome/63.0.3239.132 Safari/537.36"
150.250.5.23 - - [21/Feb/2018:22:12:12 +0000] "GET /test/index.php HTTP/1.1" 403 321 "http://ec2-54-157-62-1.compute-1.amazonaws.com/" "Mozilla/5.0 (Windows NT 10.0; Win64; x64) AppleWebKit/537.36 (KHTML, like Gecko) Chrome/63.0.3239.132 Safari/537.36"
150.250.5.23 - - [21/Feb/2018:22:12:18 +0000] "GET /test/index.php HTTP/1.1" 403 321 "http://ec2-54-157-62-1.compute-1.amazonaws.com/" "Mozilla/5.0 (Windows NT 10.0; Win64; x64) AppleWebKit/537.36 (KHTML, like Gecko) Chrome/63.0.3239.132 Safari/537.36"
150.250.5.23 - - [21/Feb/2018:22:12:41 +0000] "GET /test/index.php HTTP/1.1" 403 321 "-" "Mozilla/5.0 (Windows NT 10.0; Win64; x64) AppleWebKit/537.36 (KHTML, like Gecko) Chrome/63.0.3239.132 Safari/537.36"
150.250.5.23 - - [21/Feb/2018:22:12:57 +0000] "GET /test/index.php HTTP/1.1" 403 321 "http://ec2-54-157-62-1.compute-1.amazonaws.com/" "Mozilla/5.0 (Windows NT 10.0; Win64; x64) AppleWebKit/537.36 (KHTML, like Gecko) Chrome/63.0.3239.132 Safari/537.36"
150.250.5.23 - - [21/Feb/2018:22:13:05 +0000] "GET /test/index.php HTTP/1.1" 403 321 "http://ec2-54-157-62-1.compute-1.amazonaws.com/" "Mozilla/5.0 (Windows NT 10.0; Win64; x64) AppleWebKit/537.36 (KHTML, like Gecko) Chrome/63.0.3239.132 Safari/537.36"
150.250.5.23 - - [21/Feb/2018:22:13:50 +0000] "GET /test/index.php HTTP/1.1" 403 321 "http://ec2-54-157-62-1.compute-1.amazonaws.com/" "Mozilla/5.0 (Windows NT 10.0; Win64; x64) AppleWebKit/537.36 (KHTML, like Gecko) Chrome/63.0.3239.132 Safari/537.36"
150.250.5.18 - - [21/Feb/2018:22:14:29 +0000] "GET / HTTP/1.1" 403 307 "-" "Mozilla/5.0 (Windows NT 10.0; Win64; x64) AppleWebKit/537.36 (KHTML, like Gecko) Chrome/64.0.3282.167 Safari/537.36"
150.250.191.64 - - [21/Feb/2018:22:14:31 +0000] "GET / HTTP/1.1" 403 279 "-" "Mozilla/5.0 (Windows NT 6.1; Win64; x64) AppleWebKit/537.36 (KHTML, like Gecko) Chrome/63.0.3239.132 Safari/537.36"
150.250.191.64 - - [21/Feb/2018:22:14:31 +0000] "GET /favicon.ico HTTP/1.1" 403 290 "http://54.157.62.1/" "Mozilla/5.0 (Windows NT 6.1; Win64; x64) AppleWebKit/537.36 (KHTML, like Gecko) Chrome/63.0.3239.132 Safari/537.36"
150.250.5.18 - - [21/Feb/2018:22:14:31 +0000] "GET / HTTP/1.1" 403 307 "-" "Mozilla/5.0 (Windows NT 10.0; Win64; x64) AppleWebKit/537.36 (KHTML, like Gecko) Chrome/64.0.3282.167 Safari/537.36"
150.250.5.18 - - [21/Feb/2018:22:14:31 +0000] "GET /favicon.ico HTTP/1.1" 403 318 "http://ec2-54-157-62-1.compute-1.amazonaws.com/" "Mozilla/5.0 (Windows NT 10.0; Win64; x64) AppleWebKit/537.36 (KHTML, like Gecko) Chrome/64.0.3282.167 Safari/537.36"
150.250.5.18 - - [21/Feb/2018:22:14:32 +0000] "GET / HTTP/1.1" 403 307 "-" "Mozilla/5.0 (Windows NT 10.0; Win64; x64) AppleWebKit/537.36 (KHTML, like Gecko) Chrome/64.0.3282.167 Safari/537.36"
150.250.5.18 - - [21/Feb/2018:22:14:32 +0000] "GET /favicon.ico HTTP/1.1" 403 318 "http://ec2-54-157-62-1.compute-1.amazonaws.com/" "Mozilla/5.0 (Windows NT 10.0; Win64; x64) AppleWebKit/537.36 (KHTML, like Gecko) Chrome/64.0.3282.167 Safari/537.36"
150.250.5.18 - - [21/Feb/2018:22:14:32 +0000] "GET / HTTP/1.1" 403 307 "-" "Mozilla/5.0 (Windows NT 10.0; Win64; x64) AppleWebKit/537.36 (KHTML, like Gecko) Chrome/64.0.3282.167 Safari/537.36"
150.250.5.18 - - [21/Feb/2018:22:14:33 +0000] "GET /favicon.ico HTTP/1.1" 403 318 "http://ec2-54-157-62-1.compute-1.amazonaws.com/" "Mozilla/5.0 (Windows NT 10.0; Win64; x64) AppleWebKit/537.36 (KHTML, like Gecko) Chrome/64.0.3282.167 Safari/537.36"
150.250.5.18 - - [21/Feb/2018:22:14:33 +0000] "GET / HTTP/1.1" 403 307 "-" "Mozilla/5.0 (Windows NT 10.0; Win64; x64) AppleWebKit/537.36 (KHTML, like Gecko) Chrome/64.0.3282.167 Safari/537.36"
150.250.5.18 - - [21/Feb/2018:22:14:34 +0000] "GET /favicon.ico HTTP/1.1" 403 318 "http://ec2-54-157-62-1.compute-1.amazonaws.com/" "Mozilla/5.0 (Windows NT 10.0; Win64; x64) AppleWebKit/537.36 (KHTML, like Gecko) Chrome/64.0.3282.167 Safari/537.36"
150.250.5.23 - - [21/Feb/2018:22:14:51 +0000] "GET /test/index.php HTTP/1.1" 403 321 "http://ec2-54-157-62-1.compute-1.amazonaws.com/" "Mozilla/5.0 (Windows NT 10.0; Win64; x64) AppleWebKit/537.36 (KHTML, like Gecko) Chrome/63.0.3239.132 Safari/537.36"
150.250.5.23 - - [21/Feb/2018:22:14:52 +0000] "GET /test/index.php HTTP/1.1" 403 321 "http://ec2-54-157-62-1.compute-1.amazonaws.com/" "Mozilla/5.0 (Windows NT 10.0; Win64; x64) AppleWebKit/537.36 (KHTML, like Gecko) Chrome/63.0.3239.132 Safari/537.36"
150.250.5.23 - - [21/Feb/2018:22:14:52 +0000] "GET /test/index.php HTTP/1.1" 403 321 "http://ec2-54-157-62-1.compute-1.amazonaws.com/" "Mozilla/5.0 (Windows NT 10.0; Win64; x64) AppleWebKit/537.36 (KHTML, like Gecko) Chrome/63.0.3239.132 Safari/537.36"
150.250.5.23 - - [21/Feb/2018:22:14:52 +0000] "GET /test/index.php HTTP/1.1" 403 321 "http://ec2-54-157-62-1.compute-1.amazonaws.com/" "Mozilla/5.0 (Windows NT 10.0; Win64; x64) AppleWebKit/537.36 (KHTML, like Gecko) Chrome/63.0.3239.132 Safari/537.36"
150.250.5.23 - - [21/Feb/2018:22:14:52 +0000] "GET /test/index.php HTTP/1.1" 403 321 "http://ec2-54-157-62-1.compute-1.amazonaws.com/" "Mozilla/5.0 (Windows NT 10.0; Win64; x64) AppleWebKit/537.36 (KHTML, like Gecko) Chrome/63.0.3239.132 Safari/537.36"
150.250.5.23 - - [21/Feb/2018:22:14:52 +0000] "GET /test/index.php HTTP/1.1" 403 321 "http://ec2-54-157-62-1.compute-1.amazonaws.com/" "Mozilla/5.0 (Windows NT 10.0; Win64; x64) AppleWebKit/537.36 (KHTML, like Gecko) Chrome/63.0.3239.132 Safari/537.36"
150.250.5.23 - - [21/Feb/2018:22:15:09 +0000] "GET / HTTP/1.1" 403 307 "-" "Mozilla/5.0 (Windows NT 10.0; Win64; x64) AppleWebKit/537.36 (KHTML, like Gecko) Chrome/63.0.3239.132 Safari/537.36"
150.250.5.23 - - [21/Feb/2018:22:15:11 +0000] "GET / HTTP/1.1" 403 307 "-" "Mozilla/5.0 (Windows NT 10.0; Win64; x64) AppleWebKit/537.36 (KHTML, like Gecko) Chrome/63.0.3239.132 Safari/537.36"
150.250.5.23 - - [21/Feb/2018:22:15:11 +0000] "GET / HTTP/1.1" 403 307 "-" "Mozilla/5.0 (Windows NT 10.0; Win64; x64) AppleWebKit/537.36 (KHTML, like Gecko) Chrome/63.0.3239.132 Safari/537.36"
150.250.5.23 - - [21/Feb/2018:22:15:11 +0000] "GET / HTTP/1.1" 403 307 "-" "Mozilla/5.0 (Windows NT 10.0; Win64; x64) AppleWebKit/537.36 (KHTML, like Gecko) Chrome/63.0.3239.132 Safari/537.36"
150.250.5.23 - - [21/Feb/2018:22:15:13 +0000] "GET / HTTP/1.1" 403 307 "-" "Mozilla/5.0 (Windows NT 10.0; Win64; x64) AppleWebKit/537.36 (KHTML, like Gecko) Chrome/63.0.3239.132 Safari/537.36"
150.250.5.23 - - [21/Feb/2018:22:15:14 +0000] "GET / HTTP/1.1" 403 307 "-" "Mozilla/5.0 (Windows NT 10.0; Win64; x64) AppleWebKit/537.36 (KHTML, like Gecko) Chrome/63.0.3239.132 Safari/537.36"
150.250.5.23 - - [21/Feb/2018:22:15:14 +0000] "GET / HTTP/1.1" 403 307 "-" "Mozilla/5.0 (Windows NT 10.0; Win64; x64) AppleWebKit/537.36 (KHTML, like Gecko) Chrome/63.0.3239.132 Safari/537.36"
150.250.5.23 - - [21/Feb/2018:22:15:14 +0000] "GET / HTTP/1.1" 403 307 "-" "Mozilla/5.0 (Windows NT 10.0; Win64; x64) AppleWebKit/537.36 (KHTML, like Gecko) Chrome/63.0.3239.132 Safari/537.36"
150.250.5.23 - - [21/Feb/2018:22:15:26 +0000] "GET / HTTP/1.1" 403 307 "-" "Mozilla/5.0 (Windows NT 10.0; Win64; x64) AppleWebKit/537.36 (KHTML, like Gecko) Chrome/63.0.3239.132 Safari/537.36"
150.250.5.23 - - [21/Feb/2018:22:15:26 +0000] "GET / HTTP/1.1" 403 307 "-" "Mozilla/5.0 (Windows NT 10.0; Win64; x64) AppleWebKit/537.36 (KHTML, like Gecko) Chrome/63.0.3239.132 Safari/537.36"
150.250.5.23 - - [21/Feb/2018:22:15:27 +0000] "GET / HTTP/1.1" 403 307 "-" "Mozilla/5.0 (Windows NT 10.0; Win64; x64) AppleWebKit/537.36 (KHTML, like Gecko) Chrome/63.0.3239.132 Safari/537.36"
150.250.5.23 - - [21/Feb/2018:22:15:27 +0000] "GET / HTTP/1.1" 403 307 "-" "Mozilla/5.0 (Windows NT 10.0; Win64; x64) AppleWebKit/537.36 (KHTML, like Gecko) Chrome/63.0.3239.132 Safari/537.36"
150.250.5.23 - - [21/Feb/2018:22:15:27 +0000] "GET / HTTP/1.1" 403 307 "-" "Mozilla/5.0 (Windows NT 10.0; Win64; x64) AppleWebKit/537.36 (KHTML, like Gecko) Chrome/63.0.3239.132 Safari/537.36"
150.250.191.64 - - [21/Feb/2018:22:16:02 +0000] "-" 408 - "-" "-"
150.250.191.64 - - [21/Feb/2018:22:16:02 +0000] "-" 408 - "-" "-"
150.250.191.64 - - [21/Feb/2018:22:16:03 +0000] "GET / HTTP/1.1" 403 279 "-" "Mozilla/5.0 (Windows NT 6.1; Win64; x64) AppleWebKit/537.36 (KHTML, like Gecko) Chrome/63.0.3239.132 Safari/537.36"
150.250.191.64 - - [21/Feb/2018:22:16:03 +0000] "GET /favicon.ico HTTP/1.1" 403 290 "http://54.157.62.1/" "Mozilla/5.0 (Windows NT 6.1; Win64; x64) AppleWebKit/537.36 (KHTML, like Gecko) Chrome/63.0.3239.132 Safari/537.36"
150.250.191.64 - - [21/Feb/2018:22:16:27 +0000] "GET / HTTP/1.1" 403 279 "-" "Mozilla/5.0 (Windows NT 6.1; Win64; x64) AppleWebKit/537.36 (KHTML, like Gecko) Chrome/63.0.3239.132 Safari/537.36"
150.250.191.64 - - [21/Feb/2018:22:16:27 +0000] "GET /favicon.ico HTTP/1.1" 403 290 "http://54.157.62.1/" "Mozilla/5.0 (Windows NT 6.1; Win64; x64) AppleWebKit/537.36 (KHTML, like Gecko) Chrome/63.0.3239.132 Safari/537.36"
150.250.191.64 - - [21/Feb/2018:22:16:27 +0000] "GET / HTTP/1.1" 403 279 "-" "Mozilla/5.0 (Windows NT 6.1; Win64; x64) AppleWebKit/537.36 (KHTML, like Gecko) Chrome/63.0.3239.132 Safari/537.36"
150.250.191.64 - - [21/Feb/2018:22:16:27 +0000] "GET /favicon.ico HTTP/1.1" 403 290 "http://54.157.62.1/" "Mozilla/5.0 (Windows NT 6.1; Win64; x64) AppleWebKit/537.36 (KHTML, like Gecko) Chrome/63.0.3239.132 Safari/537.36"
150.250.191.64 - - [21/Feb/2018:22:16:28 +0000] "GET / HTTP/1.1" 403 279 "-" "Mozilla/5.0 (Windows NT 6.1; Win64; x64) AppleWebKit/537.36 (KHTML, like Gecko) Chrome/63.0.3239.132 Safari/537.36"
150.250.191.64 - - [21/Feb/2018:22:16:28 +0000] "GET /favicon.ico HTTP/1.1" 403 290 "http://54.157.62.1/" "Mozilla/5.0 (Windows NT 6.1; Win64; x64) AppleWebKit/537.36 (KHTML, like Gecko) Chrome/63.0.3239.132 Safari/537.36"
150.250.191.64 - - [21/Feb/2018:22:16:28 +0000] "GET / HTTP/1.1" 403 279 "-" "Mozilla/5.0 (Windows NT 6.1; Win64; x64) AppleWebKit/537.36 (KHTML, like Gecko) Chrome/63.0.3239.132 Safari/537.36"
150.250.191.64 - - [21/Feb/2018:22:16:28 +0000] "GET /favicon.ico HTTP/1.1" 403 290 "http://54.157.62.1/" "Mozilla/5.0 (Windows NT 6.1; Win64; x64) AppleWebKit/537.36 (KHTML, like Gecko) Chrome/63.0.3239.132 Safari/537.36"
150.250.191.64 - - [21/Feb/2018:22:16:28 +0000] "GET / HTTP/1.1" 403 279 "-" "Mozilla/5.0 (Windows NT 6.1; Win64; x64) AppleWebKit/537.36 (KHTML, like Gecko) Chrome/63.0.3239.132 Safari/537.36"
150.250.191.64 - - [21/Feb/2018:22:16:28 +0000] "GET /favicon.ico HTTP/1.1" 403 290 "http://54.157.62.1/" "Mozilla/5.0 (Windows NT 6.1; Win64; x64) AppleWebKit/537.36 (KHTML, like Gecko) Chrome/63.0.3239.132 Safari/537.36"
150.250.191.64 - - [21/Feb/2018:22:16:28 +0000] "GET / HTTP/1.1" 403 279 "-" "Mozilla/5.0 (Windows NT 6.1; Win64; x64) AppleWebKit/537.36 (KHTML, like Gecko) Chrome/63.0.3239.132 Safari/537.36"
150.250.191.64 - - [21/Feb/2018:22:16:28 +0000] "GET /favicon.ico HTTP/1.1" 403 290 "http://54.157.62.1/" "Mozilla/5.0 (Windows NT 6.1; Win64; x64) AppleWebKit/537.36 (KHTML, like Gecko) Chrome/63.0.3239.132 Safari/537.36"
150.250.191.64 - - [21/Feb/2018:22:16:28 +0000] "GET / HTTP/1.1" 403 279 "-" "Mozilla/5.0 (Windows NT 6.1; Win64; x64) AppleWebKit/537.36 (KHTML, like Gecko) Chrome/63.0.3239.132 Safari/537.36"
150.250.191.64 - - [21/Feb/2018:22:16:28 +0000] "GET /favicon.ico HTTP/1.1" 403 290 "http://54.157.62.1/" "Mozilla/5.0 (Windows NT 6.1; Win64; x64) AppleWebKit/537.36 (KHTML, like Gecko) Chrome/63.0.3239.132 Safari/537.36"
150.250.191.64 - - [21/Feb/2018:22:16:30 +0000] "GET / HTTP/1.1" 403 279 "-" "Mozilla/5.0 (Windows NT 6.1; Win64; x64) AppleWebKit/537.36 (KHTML, like Gecko) Chrome/63.0.3239.132 Safari/537.36"
150.250.191.64 - - [21/Feb/2018:22:16:30 +0000] "GET /favicon.ico HTTP/1.1" 403 290 "http://54.157.62.1/" "Mozilla/5.0 (Windows NT 6.1; Win64; x64) AppleWebKit/537.36 (KHTML, like Gecko) Chrome/63.0.3239.132 Safari/537.36"
150.250.191.64 - - [21/Feb/2018:22:16:53 +0000] "GET /favicon.ico HTTP/1.1" 403 290 "http://54.157.62.1/" "Mozilla/5.0 (Windows NT 6.1; Win64; x64) AppleWebKit/537.36 (KHTML, like Gecko) Chrome/63.0.3239.132 Safari/537.36"
150.250.191.64 - - [21/Feb/2018:22:18:12 +0000] "GET / HTTP/1.1" 403 279 "-" "Mozilla/5.0 (Windows NT 6.1; Win64; x64) AppleWebKit/537.36 (KHTML, like Gecko) Chrome/63.0.3239.132 Safari/537.36"
150.250.191.64 - - [21/Feb/2018:22:18:12 +0000] "GET /favicon.ico HTTP/1.1" 403 290 "http://54.157.62.1/" "Mozilla/5.0 (Windows NT 6.1; Win64; x64) AppleWebKit/537.36 (KHTML, like Gecko) Chrome/63.0.3239.132 Safari/537.36"
150.250.191.64 - - [21/Feb/2018:22:18:13 +0000] "GET / HTTP/1.1" 403 279 "-" "Mozilla/5.0 (Windows NT 6.1; Win64; x64) AppleWebKit/537.36 (KHTML, like Gecko) Chrome/63.0.3239.132 Safari/537.36"
150.250.191.64 - - [21/Feb/2018:22:18:13 +0000] "GET /favicon.ico HTTP/1.1" 403 290 "http://54.157.62.1/" "Mozilla/5.0 (Windows NT 6.1; Win64; x64) AppleWebKit/537.36 (KHTML, like Gecko) Chrome/63.0.3239.132 Safari/537.36"
150.250.191.64 - - [21/Feb/2018:22:18:13 +0000] "GET / HTTP/1.1" 403 279 "-" "Mozilla/5.0 (Windows NT 6.1; Win64; x64) AppleWebKit/537.36 (KHTML, like Gecko) Chrome/63.0.3239.132 Safari/537.36"
150.250.191.64 - - [21/Feb/2018:22:18:13 +0000] "GET /favicon.ico HTTP/1.1" 403 290 "http://54.157.62.1/" "Mozilla/5.0 (Windows NT 6.1; Win64; x64) AppleWebKit/537.36 (KHTML, like Gecko) Chrome/63.0.3239.132 Safari/537.36"
150.250.191.64 - - [21/Feb/2018:22:18:13 +0000] "GET / HTTP/1.1" 403 279 "-" "Mozilla/5.0 (Windows NT 6.1; Win64; x64) AppleWebKit/537.36 (KHTML, like Gecko) Chrome/63.0.3239.132 Safari/537.36"
150.250.191.64 - - [21/Feb/2018:22:18:13 +0000] "GET /favicon.ico HTTP/1.1" 403 290 "http://54.157.62.1/" "Mozilla/5.0 (Windows NT 6.1; Win64; x64) AppleWebKit/537.36 (KHTML, like Gecko) Chrome/63.0.3239.132 Safari/537.36"
150.250.191.64 - - [21/Feb/2018:22:18:15 +0000] "GET / HTTP/1.1" 403 279 "-" "Mozilla/5.0 (Windows NT 6.1; Win64; x64) AppleWebKit/537.36 (KHTML, like Gecko) Chrome/63.0.3239.132 Safari/537.36"
150.250.191.64 - - [21/Feb/2018:22:18:15 +0000] "GET /favicon.ico HTTP/1.1" 403 290 "http://54.157.62.1/" "Mozilla/5.0 (Windows NT 6.1; Win64; x64) AppleWebKit/537.36 (KHTML, like Gecko) Chrome/63.0.3239.132 Safari/537.36"
150.250.5.23 - - [21/Feb/2018:22:18:16 +0000] "GET / HTTP/1.1" 403 307 "-" "Mozilla/5.0 (Windows NT 10.0; Win64; x64) AppleWebKit/537.36 (KHTML, like Gecko) Chrome/63.0.3239.132 Safari/537.36"
150.250.5.23 - - [21/Feb/2018:22:18:16 +0000] "GET / HTTP/1.1" 403 307 "-" "Mozilla/5.0 (Windows NT 10.0; Win64; x64) AppleWebKit/537.36 (KHTML, like Gecko) Chrome/63.0.3239.132 Safari/537.36"
150.250.5.23 - - [21/Feb/2018:22:18:17 +0000] "GET / HTTP/1.1" 403 307 "-" "Mozilla/5.0 (Windows NT 10.0; Win64; x64) AppleWebKit/537.36 (KHTML, like Gecko) Chrome/63.0.3239.132 Safari/537.36"
150.250.5.23 - - [21/Feb/2018:22:18:17 +0000] "GET / HTTP/1.1" 403 307 "-" "Mozilla/5.0 (Windows NT 10.0; Win64; x64) AppleWebKit/537.36 (KHTML, like Gecko) Chrome/63.0.3239.132 Safari/537.36"
150.250.5.23 - - [21/Feb/2018:22:18:17 +0000] "GET / HTTP/1.1" 403 307 "-" "Mozilla/5.0 (Windows NT 10.0; Win64; x64) AppleWebKit/537.36 (KHTML, like Gecko) Chrome/63.0.3239.132 Safari/537.36"
150.250.5.23 - - [21/Feb/2018:22:18:17 +0000] "GET / HTTP/1.1" 403 307 "-" "Mozilla/5.0 (Windows NT 10.0; Win64; x64) AppleWebKit/537.36 (KHTML, like Gecko) Chrome/63.0.3239.132 Safari/537.36"
150.250.5.23 - - [21/Feb/2018:22:18:17 +0000] "GET / HTTP/1.1" 403 307 "-" "Mozilla/5.0 (Windows NT 10.0; Win64; x64) AppleWebKit/537.36 (KHTML, like Gecko) Chrome/63.0.3239.132 Safari/537.36"
150.250.5.23 - - [21/Feb/2018:22:18:17 +0000] "GET / HTTP/1.1" 403 307 "-" "Mozilla/5.0 (Windows NT 10.0; Win64; x64) AppleWebKit/537.36 (KHTML, like Gecko) Chrome/63.0.3239.132 Safari/537.36"
150.250.5.23 - - [21/Feb/2018:22:18:18 +0000] "GET / HTTP/1.1" 403 307 "-" "Mozilla/5.0 (Windows NT 10.0; Win64; x64) AppleWebKit/537.36 (KHTML, like Gecko) Chrome/63.0.3239.132 Safari/537.36"
150.250.5.23 - - [21/Feb/2018:22:19:20 +0000] "GET / HTTP/1.1" 403 307 "-" "Mozilla/5.0 (Windows NT 10.0; Win64; x64) AppleWebKit/537.36 (KHTML, like Gecko) Chrome/63.0.3239.132 Safari/537.36"
54.161.187.202 - - [21/Feb/2018:22:19:47 +0000] "GET / HTTP/1.1" 403 307 "-" "Slackbot-LinkExpanding 1.0 (+https://api.slack.com/robots)"
150.250.5.23 - - [21/Feb/2018:22:19:50 +0000] "GET / HTTP/1.1" 403 307 "-" "Mozilla/5.0 (Windows NT 10.0; Win64; x64) AppleWebKit/537.36 (KHTML, like Gecko) Chrome/63.0.3239.132 Safari/537.36"
150.250.5.23 - - [21/Feb/2018:22:19:50 +0000] "GET / HTTP/1.1" 403 307 "-" "Mozilla/5.0 (Windows NT 10.0; Win64; x64) AppleWebKit/537.36 (KHTML, like Gecko) Chrome/63.0.3239.132 Safari/537.36"
150.250.5.23 - - [21/Feb/2018:22:19:51 +0000] "GET / HTTP/1.1" 403 307 "-" "Mozilla/5.0 (Windows NT 10.0; Win64; x64) AppleWebKit/537.36 (KHTML, like Gecko) Chrome/63.0.3239.132 Safari/537.36"
150.250.5.23 - - [21/Feb/2018:22:19:51 +0000] "GET / HTTP/1.1" 403 307 "-" "Mozilla/5.0 (Windows NT 10.0; Win64; x64) AppleWebKit/537.36 (KHTML, like Gecko) Chrome/63.0.3239.132 Safari/537.36"
150.250.5.23 - - [21/Feb/2018:22:19:51 +0000] "GET / HTTP/1.1" 403 307 "-" "Mozilla/5.0 (Windows NT 10.0; Win64; x64) AppleWebKit/537.36 (KHTML, like Gecko) Chrome/63.0.3239.132 Safari/537.36"
150.250.5.23 - - [21/Feb/2018:22:19:51 +0000] "GET / HTTP/1.1" 403 307 "-" "Mozilla/5.0 (Windows NT 10.0; Win64; x64) AppleWebKit/537.36 (KHTML, like Gecko) Chrome/63.0.3239.132 Safari/537.36"
150.250.5.23 - - [21/Feb/2018:22:19:51 +0000] "GET / HTTP/1.1" 403 307 "-" "Mozilla/5.0 (Windows NT 10.0; Win64; x64) AppleWebKit/537.36 (KHTML, like Gecko) Chrome/63.0.3239.132 Safari/537.36"
150.250.5.23 - - [21/Feb/2018:22:19:51 +0000] "GET / HTTP/1.1" 403 307 "-" "Mozilla/5.0 (Windows NT 10.0; Win64; x64) AppleWebKit/537.36 (KHTML, like Gecko) Chrome/63.0.3239.132 Safari/537.36"
150.250.5.23 - - [21/Feb/2018:22:19:52 +0000] "GET / HTTP/1.1" 403 307 "-" "Mozilla/5.0 (Windows NT 10.0; Win64; x64) AppleWebKit/537.36 (KHTML, like Gecko) Chrome/63.0.3239.132 Safari/537.36"
150.250.5.23 - - [21/Feb/2018:22:19:52 +0000] "GET / HTTP/1.1" 403 307 "-" "Mozilla/5.0 (Windows NT 10.0; Win64; x64) AppleWebKit/537.36 (KHTML, like Gecko) Chrome/63.0.3239.132 Safari/537.36"
150.250.5.23 - - [21/Feb/2018:22:19:52 +0000] "GET / HTTP/1.1" 403 307 "-" "Mozilla/5.0 (Windows NT 10.0; Win64; x64) AppleWebKit/537.36 (KHTML, like Gecko) Chrome/63.0.3239.132 Safari/537.36"
150.250.5.23 - - [21/Feb/2018:22:19:52 +0000] "GET / HTTP/1.1" 403 307 "-" "Mozilla/5.0 (Windows NT 10.0; Win64; x64) AppleWebKit/537.36 (KHTML, like Gecko) Chrome/63.0.3239.132 Safari/537.36"
150.250.5.23 - - [21/Feb/2018:22:19:52 +0000] "GET / HTTP/1.1" 403 307 "-" "Mozilla/5.0 (Windows NT 10.0; Win64; x64) AppleWebKit/537.36 (KHTML, like Gecko) Chrome/63.0.3239.132 Safari/537.36"
150.250.5.23 - - [21/Feb/2018:22:19:52 +0000] "GET / HTTP/1.1" 403 307 "-" "Mozilla/5.0 (Windows NT 10.0; Win64; x64) AppleWebKit/537.36 (KHTML, like Gecko) Chrome/63.0.3239.132 Safari/537.36"
150.250.5.23 - - [21/Feb/2018:22:19:52 +0000] "GET / HTTP/1.1" 403 307 "-" "Mozilla/5.0 (Windows NT 10.0; Win64; x64) AppleWebKit/537.36 (KHTML, like Gecko) Chrome/63.0.3239.132 Safari/537.36"
150.250.5.18 - - [21/Feb/2018:22:20:44 +0000] "GET / HTTP/1.1" 200 303 "-" "Mozilla/5.0 (Windows NT 10.0; Win64; x64) AppleWebKit/537.36 (KHTML, like Gecko) Chrome/64.0.3282.167 Safari/537.36"
150.250.5.18 - - [21/Feb/2018:22:20:45 +0000] "GET /favicon.ico HTTP/1.1" 404 314 "http://ec2-54-157-62-1.compute-1.amazonaws.com/" "Mozilla/5.0 (Windows NT 10.0; Win64; x64) AppleWebKit/537.36 (KHTML, like Gecko) Chrome/64.0.3282.167 Safari/537.36"
150.250.191.64 - - [21/Feb/2018:22:21:12 +0000] "GET / HTTP/1.1" 200 303 "-" "Mozilla/5.0 (Windows NT 6.1; Win64; x64) AppleWebKit/537.36 (KHTML, like Gecko) Chrome/63.0.3239.132 Safari/537.36"
150.250.191.64 - - [21/Feb/2018:22:21:12 +0000] "GET /favicon.ico HTTP/1.1" 404 286 "http://54.157.62.1/" "Mozilla/5.0 (Windows NT 6.1; Win64; x64) AppleWebKit/537.36 (KHTML, like Gecko) Chrome/63.0.3239.132 Safari/537.36"
150.250.191.64 - - [21/Feb/2018:22:21:14 +0000] "GET /test/index.php HTTP/1.1" 200 610 "http://54.157.62.1/" "Mozilla/5.0 (Windows NT 6.1; Win64; x64) AppleWebKit/537.36 (KHTML, like Gecko) Chrome/63.0.3239.132 Safari/537.36"
150.250.191.64 - - [21/Feb/2018:22:21:14 +0000] "GET /stylesheet/operator.css HTTP/1.1" 200 1531 "http://54.157.62.1/test/index.php" "Mozilla/5.0 (Windows NT 6.1; Win64; x64) AppleWebKit/537.36 (KHTML, like Gecko) Chrome/63.0.3239.132 Safari/537.36"
150.250.191.64 - - [21/Feb/2018:22:21:15 +0000] "POST /test/index.php HTTP/1.1" 200 610 "http://54.157.62.1/test/index.php" "Mozilla/5.0 (Windows NT 6.1; Win64; x64) AppleWebKit/537.36 (KHTML, like Gecko) Chrome/63.0.3239.132 Safari/537.36"
150.250.191.64 - - [21/Feb/2018:22:21:15 +0000] "POST /test/index.php HTTP/1.1" 200 610 "http://54.157.62.1/test/index.php" "Mozilla/5.0 (Windows NT 6.1; Win64; x64) AppleWebKit/537.36 (KHTML, like Gecko) Chrome/63.0.3239.132 Safari/537.36"
150.250.191.64 - - [21/Feb/2018:22:21:18 +0000] "GET /test/index.php HTTP/1.1" 200 610 "http://54.157.62.1/" "Mozilla/5.0 (Windows NT 6.1; Win64; x64) AppleWebKit/537.36 (KHTML, like Gecko) Chrome/63.0.3239.132 Safari/537.36"
150.250.5.23 - - [21/Feb/2018:22:21:24 +0000] "-" 408 - "-" "-"
150.250.5.18 - - [21/Feb/2018:22:22:30 +0000] "GET /info.php HTTP/1.1" 404 311 "-" "Mozilla/5.0 (Windows NT 10.0; Win64; x64) AppleWebKit/537.36 (KHTML, like Gecko) Chrome/64.0.3282.167 Safari/537.36"
150.250.5.18 - - [21/Feb/2018:22:22:35 +0000] "GET /test/index.php HTTP/1.1" 200 610 "http://ec2-54-157-62-1.compute-1.amazonaws.com/" "Mozilla/5.0 (Windows NT 10.0; Win64; x64) AppleWebKit/537.36 (KHTML, like Gecko) Chrome/64.0.3282.167 Safari/537.36"
150.250.5.18 - - [21/Feb/2018:22:22:35 +0000] "GET /stylesheet/operator.css HTTP/1.1" 200 1531 "http://ec2-54-157-62-1.compute-1.amazonaws.com/test/index.php" "Mozilla/5.0 (Windows NT 10.0; Win64; x64) AppleWebKit/537.36 (KHTML, like Gecko) Chrome/64.0.3282.167 Safari/537.36"
150.250.5.23 - - [21/Feb/2018:22:22:40 +0000] "GET / HTTP/1.1" 200 303 "-" "Mozilla/5.0 (Windows NT 10.0; Win64; x64) AppleWebKit/537.36 (KHTML, like Gecko) Chrome/63.0.3239.132 Safari/537.36"
150.250.5.23 - - [21/Feb/2018:22:22:42 +0000] "GET /test/index.php HTTP/1.1" 200 610 "http://ec2-54-157-62-1.compute-1.amazonaws.com/" "Mozilla/5.0 (Windows NT 10.0; Win64; x64) AppleWebKit/537.36 (KHTML, like Gecko) Chrome/63.0.3239.132 Safari/537.36"
150.250.5.23 - - [21/Feb/2018:22:22:42 +0000] "GET /stylesheet/operator.css HTTP/1.1" 304 - "http://ec2-54-157-62-1.compute-1.amazonaws.com/test/index.php" "Mozilla/5.0 (Windows NT 10.0; Win64; x64) AppleWebKit/537.36 (KHTML, like Gecko) Chrome/63.0.3239.132 Safari/537.36"
150.250.5.18 - - [21/Feb/2018:22:22:44 +0000] "POST /test/index.php HTTP/1.1" 200 610 "http://ec2-54-157-62-1.compute-1.amazonaws.com/test/index.php" "Mozilla/5.0 (Windows NT 10.0; Win64; x64) AppleWebKit/537.36 (KHTML, like Gecko) Chrome/64.0.3282.167 Safari/537.36"
150.250.5.23 - - [21/Feb/2018:22:25:24 +0000] "GET /test/index.php HTTP/1.1" 200 610 "http://ec2-54-157-62-1.compute-1.amazonaws.com/" "Mozilla/5.0 (Windows NT 10.0; Win64; x64) AppleWebKit/537.36 (KHTML, like Gecko) Chrome/63.0.3239.132 Safari/537.36"
150.250.5.23 - - [21/Feb/2018:22:25:25 +0000] "GET /test/index.php HTTP/1.1" 200 610 "http://ec2-54-157-62-1.compute-1.amazonaws.com/" "Mozilla/5.0 (Windows NT 10.0; Win64; x64) AppleWebKit/537.36 (KHTML, like Gecko) Chrome/63.0.3239.132 Safari/537.36"
150.250.191.64 - - [21/Feb/2018:22:26:14 +0000] "GET / HTTP/1.1" 304 - "-" "Mozilla/5.0 (Windows NT 6.1; Win64; x64) AppleWebKit/537.36 (KHTML, like Gecko) Chrome/63.0.3239.132 Safari/537.36"
150.250.5.23 - - [21/Feb/2018:22:26:55 +0000] "-" 408 - "-" "-"
150.250.5.23 - - [21/Feb/2018:22:26:55 +0000] "-" 408 - "-" "-"
150.250.5.23 - - [21/Feb/2018:22:26:58 +0000] "-" 408 - "-" "-"
150.250.191.64 - - [21/Feb/2018:22:32:58 +0000] "GET / HTTP/1.1" 304 - "-" "Mozilla/5.0 (Windows NT 6.1; Win64; x64) AppleWebKit/537.36 (KHTML, like Gecko) Chrome/63.0.3239.132 Safari/537.36"
150.250.191.64 - - [21/Feb/2018:22:32:58 +0000] "GET / HTTP/1.1" 304 - "-" "Mozilla/5.0 (Windows NT 6.1; Win64; x64) AppleWebKit/537.36 (KHTML, like Gecko) Chrome/63.0.3239.132 Safari/537.36"
150.250.191.64 - - [21/Feb/2018:22:32:59 +0000] "GET / HTTP/1.1" 304 - "-" "Mozilla/5.0 (Windows NT 6.1; Win64; x64) AppleWebKit/537.36 (KHTML, like Gecko) Chrome/63.0.3239.132 Safari/537.36"
150.250.191.64 - - [21/Feb/2018:22:33:00 +0000] "GET /test/index.php HTTP/1.1" 200 610 "http://54.157.62.1/" "Mozilla/5.0 (Windows NT 6.1; Win64; x64) AppleWebKit/537.36 (KHTML, like Gecko) Chrome/63.0.3239.132 Safari/537.36"
150.250.191.64 - - [21/Feb/2018:22:33:01 +0000] "GET /test/index.php HTTP/1.1" 200 610 "http://54.157.62.1/" "Mozilla/5.0 (Windows NT 6.1; Win64; x64) AppleWebKit/537.36 (KHTML, like Gecko) Chrome/63.0.3239.132 Safari/537.36"
150.250.5.23 - - [21/Feb/2018:22:33:25 +0000] "GET /test/index.php HTTP/1.1" 200 610 "http://ec2-54-157-62-1.compute-1.amazonaws.com/" "Mozilla/5.0 (Windows NT 10.0; Win64; x64) AppleWebKit/537.36 (KHTML, like Gecko) Chrome/63.0.3239.132 Safari/537.36"
150.250.5.23 - - [21/Feb/2018:22:34:44 +0000] "GET / HTTP/1.1" 304 - "-" "Mozilla/5.0 (Windows NT 10.0; Win64; x64) AppleWebKit/537.36 (KHTML, like Gecko) Chrome/63.0.3239.132 Safari/537.36"
150.250.5.23 - - [21/Feb/2018:22:34:46 +0000] "GET /test/index.php HTTP/1.1" 200 610 "http://ec2-54-157-62-1.compute-1.amazonaws.com/" "Mozilla/5.0 (Windows NT 10.0; Win64; x64) AppleWebKit/537.36 (KHTML, like Gecko) Chrome/63.0.3239.132 Safari/537.36"
66.118.142.167 - - [21/Feb/2018:22:35:55 +0000] "HEAD /scripts/setup.php HTTP/1.0" 404 - "-" "-"
150.250.5.23 - - [21/Feb/2018:22:36:29 +0000] "-" 408 - "-" "-"
150.250.5.23 - - [21/Feb/2018:22:36:44 +0000] "GET / HTTP/1.1" 304 - "-" "Mozilla/5.0 (Windows NT 10.0; Win64; x64) AppleWebKit/537.36 (KHTML, like Gecko) Chrome/63.0.3239.132 Safari/537.36"
150.250.5.23 - - [21/Feb/2018:22:36:45 +0000] "GET /test/index.php HTTP/1.1" 500 - "http://ec2-54-157-62-1.compute-1.amazonaws.com/" "Mozilla/5.0 (Windows NT 10.0; Win64; x64) AppleWebKit/537.36 (KHTML, like Gecko) Chrome/63.0.3239.132 Safari/537.36"
150.250.5.23 - - [21/Feb/2018:22:37:25 +0000] "GET /test/index.php HTTP/1.1" 500 - "-" "Mozilla/5.0 (Windows NT 10.0; Win64; x64) AppleWebKit/537.36 (KHTML, like Gecko) Chrome/63.0.3239.132 Safari/537.36"
150.250.5.23 - - [21/Feb/2018:22:37:27 +0000] "GET /test/index.php HTTP/1.1" 500 - "http://ec2-54-157-62-1.compute-1.amazonaws.com/" "Mozilla/5.0 (Windows NT 10.0; Win64; x64) AppleWebKit/537.36 (KHTML, like Gecko) Chrome/63.0.3239.132 Safari/537.36"
150.250.5.23 - - [21/Feb/2018:22:38:39 +0000] "GET /test/index.php HTTP/1.1" 200 610 "http://ec2-54-157-62-1.compute-1.amazonaws.com/" "Mozilla/5.0 (Windows NT 10.0; Win64; x64) AppleWebKit/537.36 (KHTML, like Gecko) Chrome/63.0.3239.132 Safari/537.36"
150.250.5.23 - - [21/Feb/2018:22:38:39 +0000] "GET /stylesheet/operator.css HTTP/1.1" 304 - "http://ec2-54-157-62-1.compute-1.amazonaws.com/test/index.php" "Mozilla/5.0 (Windows NT 10.0; Win64; x64) AppleWebKit/537.36 (KHTML, like Gecko) Chrome/63.0.3239.132 Safari/537.36"
150.250.5.23 - - [21/Feb/2018:22:39:18 +0000] "GET /test/index.php HTTP/1.1" 200 617 "http://ec2-54-157-62-1.compute-1.amazonaws.com/" "Mozilla/5.0 (Windows NT 10.0; Win64; x64) AppleWebKit/537.36 (KHTML, like Gecko) Chrome/63.0.3239.132 Safari/537.36"
150.250.5.23 - - [21/Feb/2018:22:39:22 +0000] "POST /test/index.php HTTP/1.1" 200 614 "http://ec2-54-157-62-1.compute-1.amazonaws.com/test/index.php" "Mozilla/5.0 (Windows NT 10.0; Win64; x64) AppleWebKit/537.36 (KHTML, like Gecko) Chrome/63.0.3239.132 Safari/537.36"
150.250.5.23 - - [21/Feb/2018:22:42:21 +0000] "POST /test/index.php HTTP/1.1" 200 610 "http://ec2-54-157-62-1.compute-1.amazonaws.com/test/index.php" "Mozilla/5.0 (Windows NT 10.0; Win64; x64) AppleWebKit/537.36 (KHTML, like Gecko) Chrome/63.0.3239.132 Safari/537.36"
150.250.5.23 - - [21/Feb/2018:22:42:22 +0000] "POST /test/index.php HTTP/1.1" 200 610 "http://ec2-54-157-62-1.compute-1.amazonaws.com/test/index.php" "Mozilla/5.0 (Windows NT 10.0; Win64; x64) AppleWebKit/537.36 (KHTML, like Gecko) Chrome/63.0.3239.132 Safari/537.36"
150.250.5.23 - - [21/Feb/2018:22:42:24 +0000] "POST /test/index.php HTTP/1.1" 200 610 "http://ec2-54-157-62-1.compute-1.amazonaws.com/test/index.php" "Mozilla/5.0 (Windows NT 10.0; Win64; x64) AppleWebKit/537.36 (KHTML, like Gecko) Chrome/63.0.3239.132 Safari/537.36"
150.250.5.23 - - [21/Feb/2018:22:42:27 +0000] "GET /test/index.php HTTP/1.1" 200 610 "http://ec2-54-157-62-1.compute-1.amazonaws.com/" "Mozilla/5.0 (Windows NT 10.0; Win64; x64) AppleWebKit/537.36 (KHTML, like Gecko) Chrome/63.0.3239.132 Safari/537.36"
150.250.5.23 - - [21/Feb/2018:22:43:36 +0000] "GET /test/index.php HTTP/1.1" 200 610 "http://ec2-54-157-62-1.compute-1.amazonaws.com/" "Mozilla/5.0 (Windows NT 10.0; Win64; x64) AppleWebKit/537.36 (KHTML, like Gecko) Chrome/63.0.3239.132 Safari/537.36"
150.250.5.23 - - [21/Feb/2018:22:43:40 +0000] "POST /test/index.php HTTP/1.1" 302 610 "http://ec2-54-157-62-1.compute-1.amazonaws.com/test/index.php" "Mozilla/5.0 (Windows NT 10.0; Win64; x64) AppleWebKit/537.36 (KHTML, like Gecko) Chrome/63.0.3239.132 Safari/537.36"
150.250.5.23 - - [21/Feb/2018:22:43:40 +0000] "GET /test/log/index.php HTTP/1.1" 200 124 "http://ec2-54-157-62-1.compute-1.amazonaws.com/test/index.php" "Mozilla/5.0 (Windows NT 10.0; Win64; x64) AppleWebKit/537.36 (KHTML, like Gecko) Chrome/63.0.3239.132 Safari/537.36"
150.250.5.23 - - [21/Feb/2018:22:46:23 +0000] "GET / HTTP/1.1" 304 - "-" "Mozilla/5.0 (Windows NT 10.0; Win64; x64) AppleWebKit/537.36 (KHTML, like Gecko) Chrome/63.0.3239.132 Safari/537.36"
150.250.5.23 - - [21/Feb/2018:22:46:24 +0000] "GET /test/index.php HTTP/1.1" 500 - "http://ec2-54-157-62-1.compute-1.amazonaws.com/" "Mozilla/5.0 (Windows NT 10.0; Win64; x64) AppleWebKit/537.36 (KHTML, like Gecko) Chrome/63.0.3239.132 Safari/537.36"
150.250.5.23 - - [21/Feb/2018:22:47:48 +0000] "GET /test/index.php HTTP/1.1" 200 610 "-" "Mozilla/5.0 (Windows NT 10.0; Win64; x64) AppleWebKit/537.36 (KHTML, like Gecko) Chrome/63.0.3239.132 Safari/537.36"
150.250.5.23 - - [21/Feb/2018:22:48:44 +0000] "POST /test/index.php HTTP/1.1" 302 610 "http://ec2-54-157-62-1.compute-1.amazonaws.com/test/index.php" "Mozilla/5.0 (Windows NT 10.0; Win64; x64) AppleWebKit/537.36 (KHTML, like Gecko) Chrome/63.0.3239.132 Safari/537.36"
150.250.5.23 - - [21/Feb/2018:22:48:44 +0000] "GET /test/log/index.php HTTP/1.1" 200 126 "http://ec2-54-157-62-1.compute-1.amazonaws.com/test/index.php" "Mozilla/5.0 (Windows NT 10.0; Win64; x64) AppleWebKit/537.36 (KHTML, like Gecko) Chrome/63.0.3239.132 Safari/537.36"
150.250.5.23 - - [21/Feb/2018:22:49:08 +0000] "GET /test/log/index.php HTTP/1.1" 200 126 "http://ec2-54-157-62-1.compute-1.amazonaws.com/test/index.php" "Mozilla/5.0 (Windows NT 10.0; Win64; x64) AppleWebKit/537.36 (KHTML, like Gecko) Chrome/63.0.3239.132 Safari/537.36"
150.250.5.23 - - [21/Feb/2018:22:49:09 +0000] "GET /test/log/index.php HTTP/1.1" 200 126 "http://ec2-54-157-62-1.compute-1.amazonaws.com/test/index.php" "Mozilla/5.0 (Windows NT 10.0; Win64; x64) AppleWebKit/537.36 (KHTML, like Gecko) Chrome/63.0.3239.132 Safari/537.36"
150.250.5.23 - - [21/Feb/2018:22:49:09 +0000] "GET /test/log/index.php HTTP/1.1" 200 126 "http://ec2-54-157-62-1.compute-1.amazonaws.com/test/index.php" "Mozilla/5.0 (Windows NT 10.0; Win64; x64) AppleWebKit/537.36 (KHTML, like Gecko) Chrome/63.0.3239.132 Safari/537.36"
150.250.5.23 - - [21/Feb/2018:22:49:10 +0000] "GET /test/index.php HTTP/1.1" 200 610 "-" "Mozilla/5.0 (Windows NT 10.0; Win64; x64) AppleWebKit/537.36 (KHTML, like Gecko) Chrome/63.0.3239.132 Safari/537.36"
150.250.5.23 - - [21/Feb/2018:22:49:12 +0000] "POST /test/index.php HTTP/1.1" 200 610 "http://ec2-54-157-62-1.compute-1.amazonaws.com/test/index.php" "Mozilla/5.0 (Windows NT 10.0; Win64; x64) AppleWebKit/537.36 (KHTML, like Gecko) Chrome/63.0.3239.132 Safari/537.36"
150.250.5.23 - - [21/Feb/2018:22:49:14 +0000] "POST /test/index.php HTTP/1.1" 302 610 "http://ec2-54-157-62-1.compute-1.amazonaws.com/test/index.php" "Mozilla/5.0 (Windows NT 10.0; Win64; x64) AppleWebKit/537.36 (KHTML, like Gecko) Chrome/63.0.3239.132 Safari/537.36"
150.250.5.23 - - [21/Feb/2018:22:49:14 +0000] "GET /test/log/index.php HTTP/1.1" 200 126 "http://ec2-54-157-62-1.compute-1.amazonaws.com/test/index.php" "Mozilla/5.0 (Windows NT 10.0; Win64; x64) AppleWebKit/537.36 (KHTML, like Gecko) Chrome/63.0.3239.132 Safari/537.36"
150.250.191.64 - - [21/Feb/2018:22:50:43 +0000] "GET / HTTP/1.1" 304 - "-" "Mozilla/5.0 (Windows NT 6.1; Win64; x64) AppleWebKit/537.36 (KHTML, like Gecko) Chrome/63.0.3239.132 Safari/537.36"
150.250.191.64 - - [21/Feb/2018:22:50:44 +0000] "GET /test/index.php HTTP/1.1" 200 610 "http://54.157.62.1/" "Mozilla/5.0 (Windows NT 6.1; Win64; x64) AppleWebKit/537.36 (KHTML, like Gecko) Chrome/63.0.3239.132 Safari/537.36"
150.250.191.64 - - [21/Feb/2018:22:50:44 +0000] "GET /stylesheet/operator.css HTTP/1.1" 304 - "http://54.157.62.1/test/index.php" "Mozilla/5.0 (Windows NT 6.1; Win64; x64) AppleWebKit/537.36 (KHTML, like Gecko) Chrome/63.0.3239.132 Safari/537.36"
150.250.191.64 - - [21/Feb/2018:22:50:45 +0000] "POST /test/index.php HTTP/1.1" 200 610 "http://54.157.62.1/test/index.php" "Mozilla/5.0 (Windows NT 6.1; Win64; x64) AppleWebKit/537.36 (KHTML, like Gecko) Chrome/63.0.3239.132 Safari/537.36"
150.250.191.64 - - [21/Feb/2018:22:50:48 +0000] "POST /test/index.php HTTP/1.1" 302 610 "http://54.157.62.1/test/index.php" "Mozilla/5.0 (Windows NT 6.1; Win64; x64) AppleWebKit/537.36 (KHTML, like Gecko) Chrome/63.0.3239.132 Safari/537.36"
150.250.191.64 - - [21/Feb/2018:22:50:48 +0000] "GET /test/log/index.php HTTP/1.1" 200 126 "http://54.157.62.1/test/index.php" "Mozilla/5.0 (Windows NT 6.1; Win64; x64) AppleWebKit/537.36 (KHTML, like Gecko) Chrome/63.0.3239.132 Safari/537.36"
150.250.191.64 - - [21/Feb/2018:22:50:58 +0000] "GET /test/log/index.php HTTP/1.1" 200 126 "http://54.157.62.1/test/index.php" "Mozilla/5.0 (Windows NT 6.1; Win64; x64) AppleWebKit/537.36 (KHTML, like Gecko) Chrome/63.0.3239.132 Safari/537.36"
150.250.5.18 - - [21/Feb/2018:22:50:59 +0000] "POST /test/index.php HTTP/1.1" 500 - "http://ec2-54-157-62-1.compute-1.amazonaws.com/test/index.php" "Mozilla/5.0 (Windows NT 10.0; Win64; x64) AppleWebKit/537.36 (KHTML, like Gecko) Chrome/64.0.3282.167 Safari/537.36"
150.250.5.23 - - [21/Feb/2018:22:51:04 +0000] "POST /test/index.php HTTP/1.1" 500 - "http://ec2-54-157-62-1.compute-1.amazonaws.com/test/index.php" "Mozilla/5.0 (Windows NT 10.0; Win64; x64) AppleWebKit/537.36 (KHTML, like Gecko) Chrome/63.0.3239.132 Safari/537.36"
150.250.5.18 - - [21/Feb/2018:22:51:05 +0000] "POST /test/index.php HTTP/1.1" 500 - "http://ec2-54-157-62-1.compute-1.amazonaws.com/test/index.php" "Mozilla/5.0 (Windows NT 10.0; Win64; x64) AppleWebKit/537.36 (KHTML, like Gecko) Chrome/64.0.3282.167 Safari/537.36"
150.250.5.18 - - [21/Feb/2018:22:51:09 +0000] "GET /test/ HTTP/1.1" 500 - "-" "Mozilla/5.0 (Windows NT 10.0; Win64; x64) AppleWebKit/537.36 (KHTML, like Gecko) Chrome/64.0.3282.167 Safari/537.36"
150.250.5.18 - - [21/Feb/2018:22:51:13 +0000] "GET / HTTP/1.1" 304 - "-" "Mozilla/5.0 (Windows NT 10.0; Win64; x64) AppleWebKit/537.36 (KHTML, like Gecko) Chrome/64.0.3282.167 Safari/537.36"
150.250.5.23 - - [21/Feb/2018:22:51:15 +0000] "POST /test/index.php HTTP/1.1" 500 - "http://ec2-54-157-62-1.compute-1.amazonaws.com/test/index.php" "Mozilla/5.0 (Windows NT 10.0; Win64; x64) AppleWebKit/537.36 (KHTML, like Gecko) Chrome/63.0.3239.132 Safari/537.36"
150.250.5.18 - - [21/Feb/2018:22:51:15 +0000] "GET /test/index.php HTTP/1.1" 500 - "http://ec2-54-157-62-1.compute-1.amazonaws.com/" "Mozilla/5.0 (Windows NT 10.0; Win64; x64) AppleWebKit/537.36 (KHTML, like Gecko) Chrome/64.0.3282.167 Safari/537.36"
150.250.5.23 - - [21/Feb/2018:22:51:18 +0000] "POST /test/index.php HTTP/1.1" 500 - "http://ec2-54-157-62-1.compute-1.amazonaws.com/test/index.php" "Mozilla/5.0 (Windows NT 10.0; Win64; x64) AppleWebKit/537.36 (KHTML, like Gecko) Chrome/63.0.3239.132 Safari/537.36"
150.250.5.18 - - [21/Feb/2018:22:51:18 +0000] "GET /test/index.php HTTP/1.1" 500 - "-" "Mozilla/5.0 (Windows NT 10.0; Win64; x64) AppleWebKit/537.36 (KHTML, like Gecko) Chrome/64.0.3282.167 Safari/537.36"
150.250.5.18 - - [21/Feb/2018:22:51:19 +0000] "GET /test/index.php HTTP/1.1" 500 - "-" "Mozilla/5.0 (Windows NT 10.0; Win64; x64) AppleWebKit/537.36 (KHTML, like Gecko) Chrome/64.0.3282.167 Safari/537.36"
150.250.5.18 - - [21/Feb/2018:22:51:19 +0000] "GET /test/index.php HTTP/1.1" 500 - "-" "Mozilla/5.0 (Windows NT 10.0; Win64; x64) AppleWebKit/537.36 (KHTML, like Gecko) Chrome/64.0.3282.167 Safari/537.36"
150.250.5.18 - - [21/Feb/2018:22:51:20 +0000] "GET /test/index.php HTTP/1.1" 500 - "-" "Mozilla/5.0 (Windows NT 10.0; Win64; x64) AppleWebKit/537.36 (KHTML, like Gecko) Chrome/64.0.3282.167 Safari/537.36"
150.250.5.18 - - [21/Feb/2018:22:51:20 +0000] "GET /test/index.php HTTP/1.1" 500 - "-" "Mozilla/5.0 (Windows NT 10.0; Win64; x64) AppleWebKit/537.36 (KHTML, like Gecko) Chrome/64.0.3282.167 Safari/537.36"
