173.70.128.25 - - [18/Mar/2018:04:28:09 +0000] "GET /api/mobile.php HTTP/1.1" 200 - "-" "Mozilla/5.0 (Windows NT 10.0; Win64; x64) AppleWebKit/537.36 (KHTML, like Gecko) Chrome/64.0.3282.186 Safari/537.36"
173.70.128.25 - - [18/Mar/2018:04:28:22 +0000] "GET /api/mobile.php HTTP/1.1" 200 - "-" "Mozilla/5.0 (Windows NT 10.0; Win64; x64) AppleWebKit/537.36 (KHTML, like Gecko) Chrome/64.0.3282.186 Safari/537.36"
172.31.9.209 - - [18/Mar/2018:04:29:15 +0000] "POST /api/mobile.php HTTP/1.1" 200 100 "-" "curl/7.53.1"
172.31.9.209 - - [18/Mar/2018:04:30:21 +0000] "POST /api/mobile.php HTTP/1.1" 500 - "-" "curl/7.53.1"
172.31.9.209 - - [18/Mar/2018:04:30:45 +0000] "POST /api/mobile.php HTTP/1.1" 500 - "-" "curl/7.53.1"
172.31.9.209 - - [18/Mar/2018:04:30:58 +0000] "POST /api/mobile.php HTTP/1.1" 500 - "-" "curl/7.53.1"
172.31.9.209 - - [18/Mar/2018:04:31:37 +0000] "POST /api/mobile.php HTTP/1.1" 500 - "-" "curl/7.53.1"
172.31.9.209 - - [18/Mar/2018:04:34:01 +0000] "POST /api/mobile.php HTTP/1.1" 200 100 "-" "curl/7.53.1"
172.31.9.209 - - [18/Mar/2018:04:34:10 +0000] "POST /api/mobile.php HTTP/1.1" 200 100 "-" "curl/7.53.1"
172.31.9.209 - - [18/Mar/2018:04:34:35 +0000] "POST /api/mobile.php HTTP/1.1" 200 100 "-" "curl/7.53.1"
172.31.9.209 - - [18/Mar/2018:04:35:44 +0000] "POST /api/mobile.php HTTP/1.1" 500 - "-" "curl/7.53.1"
172.31.9.209 - - [18/Mar/2018:04:40:18 +0000] "POST /api/mobile.php HTTP/1.1" 200 88 "-" "curl/7.53.1"
172.31.9.209 - - [18/Mar/2018:04:43:38 +0000] "POST /api/mobile.php HTTP/1.1" 500 - "-" "curl/7.53.1"
172.31.9.209 - - [18/Mar/2018:04:47:42 +0000] "POST /api/mobile.php HTTP/1.1" 500 - "-" "curl/7.53.1"
172.31.9.209 - - [18/Mar/2018:04:50:21 +0000] "POST /api/mobile.php HTTP/1.1" 200 73 "-" "curl/7.53.1"
172.31.9.209 - - [18/Mar/2018:04:51:15 +0000] "POST /api/mobile.php HTTP/1.1" 200 56 "-" "curl/7.53.1"
172.31.9.209 - - [18/Mar/2018:04:55:28 +0000] "POST /api/mobile.php HTTP/1.1" 500 - "-" "curl/7.53.1"
172.31.9.209 - - [18/Mar/2018:04:59:44 +0000] "POST /api/mobile.php HTTP/1.1" 200 56 "-" "curl/7.53.1"
172.31.9.209 - - [18/Mar/2018:05:00:28 +0000] "POST /api/mobile.php HTTP/1.1" 200 88 "-" "curl/7.53.1"
172.31.9.209 - - [18/Mar/2018:05:00:54 +0000] "POST /api/mobile.php HTTP/1.1" 200 56 "-" "curl/7.53.1"
172.31.9.209 - - [18/Mar/2018:05:01:16 +0000] "POST /api/mobile.php HTTP/1.1" 200 100 "-" "curl/7.53.1"
172.31.9.209 - - [18/Mar/2018:05:01:39 +0000] "POST /api/mobile.php HTTP/1.1" 200 100 "-" "curl/7.53.1"
172.31.9.209 - - [18/Mar/2018:05:01:56 +0000] "POST /api/mobile.php HTTP/1.1" 200 100 "-" "curl/7.53.1"
172.31.9.209 - - [18/Mar/2018:05:02:17 +0000] "POST /api/mobile.php HTTP/1.1" 200 100 "-" "curl/7.53.1"
172.31.9.209 - - [18/Mar/2018:05:02:47 +0000] "POST /api/mobile.php HTTP/1.1" 200 - "-" "curl/7.53.1"
173.70.128.25 - - [18/Mar/2018:12:57:06 +0000] "GET /api/mobile.php HTTP/1.1" 200 - "-" "Mozilla/5.0 (Windows NT 10.0; Win64; x64) AppleWebKit/537.36 (KHTML, like Gecko) Chrome/64.0.3282.186 Safari/537.36"
172.31.9.209 - - [18/Mar/2018:13:02:40 +0000] "POST /api/mobile.php HTTP/1.1" 200 56 "-" "curl/7.53.1"
172.31.9.209 - - [18/Mar/2018:13:03:40 +0000] "POST /api/mobile.php HTTP/1.1" 200 73 "-" "curl/7.53.1"
172.31.9.209 - - [18/Mar/2018:13:08:45 +0000] "POST /api/mobile.php HTTP/1.1" 200 56 "-" "curl/7.53.1"
172.31.9.209 - - [18/Mar/2018:13:12:43 +0000] "POST /api/mobile.php HTTP/1.1" 200 88 "-" "curl/7.53.1"
172.31.9.209 - - [18/Mar/2018:13:13:29 +0000] "POST /api/mobile.php HTTP/1.1" 200 56 "-" "curl/7.53.1"
172.31.9.209 - - [18/Mar/2018:13:14:12 +0000] "POST /api/mobile.php HTTP/1.1" 200 100 "-" "curl/7.53.1"
216.244.83.210 - - [18/Mar/2018:13:20:16 +0000] "GET / HTTP/1.0" 200 770 "-" "sysscan/1.0 (https://github.com/robertdavidgraham/sysscan)"
66.70.218.233 - - [18/Mar/2018:14:10:41 +0000] "GET /vendor/phpunit/phpunit/src/Util/Filter.php HTTP/1.1" 404 317 "-" "Go-http-client/1.1"
85.118.206.11 - - [18/Mar/2018:14:56:45 +0000] "GET /cgi-bin/php HTTP/1.1" 404 286 "-" "-"
85.118.206.11 - - [18/Mar/2018:14:56:45 +0000] "GET /cgi-bin/php5 HTTP/1.1" 404 287 "-" "-"
85.118.206.11 - - [18/Mar/2018:14:56:45 +0000] "GET /cgi-bin/php-cgi HTTP/1.1" 404 290 "-" "-"
85.118.206.11 - - [18/Mar/2018:14:56:45 +0000] "GET /cgi-bin/php.cgi HTTP/1.1" 404 290 "-" "-"
85.118.206.11 - - [18/Mar/2018:14:56:46 +0000] "GET /cgi-bin/php4 HTTP/1.1" 404 287 "-" "-"
85.118.206.11 - - [18/Mar/2018:14:56:46 +0000] "GET /cgi-bin/php5-cli HTTP/1.1" 404 291 "-" "-"
85.118.206.11 - - [18/Mar/2018:14:56:46 +0000] "GET /cgi-bin/test.cgi HTTP/1.1" 404 291 "-" "-"
85.118.206.11 - - [18/Mar/2018:14:56:46 +0000] "GET /cgi-sys/php5 HTTP/1.1" 404 287 "-" "-"
172.31.9.209 - - [18/Mar/2018:15:16:52 +0000] "POST /api/mobile.php HTTP/1.1" 200 53 "-" "curl/7.53.1"
172.31.9.209 - - [18/Mar/2018:15:19:26 +0000] "POST /api/mobile.php HTTP/1.1" 200 53 "-" "curl/7.53.1"
172.31.9.209 - - [18/Mar/2018:15:19:56 +0000] "POST /api/mobile.php HTTP/1.1" 200 53 "-" "curl/7.53.1"
172.31.9.209 - - [18/Mar/2018:15:20:43 +0000] "POST /api/mobile.php HTTP/1.1" 200 121 "-" "curl/7.53.1"
172.31.9.209 - - [18/Mar/2018:15:21:40 +0000] "POST /api/mobile.php HTTP/1.1" 200 55 "-" "curl/7.53.1"
172.31.9.209 - - [18/Mar/2018:15:21:57 +0000] "POST /api/mobile.php HTTP/1.1" 200 54 "-" "curl/7.53.1"
172.31.9.209 - - [18/Mar/2018:15:23:28 +0000] "POST /api/mobile.php HTTP/1.1" 200 55 "-" "curl/7.53.1"
172.31.9.209 - - [18/Mar/2018:15:25:58 +0000] "POST /api/mobile.php HTTP/1.1" 200 53 "-" "curl/7.53.1"
172.31.9.209 - - [18/Mar/2018:15:26:25 +0000] "POST /api/mobile.php HTTP/1.1" 200 53 "-" "curl/7.53.1"
172.31.9.209 - - [18/Mar/2018:15:28:20 +0000] "POST /api/mobile.php HTTP/1.1" 200 162 "-" "curl/7.53.1"
172.31.9.209 - - [18/Mar/2018:15:30:18 +0000] "POST /api/mobile.php HTTP/1.1" 200 53 "-" "curl/7.53.1"
172.31.9.209 - - [18/Mar/2018:15:40:13 +0000] "POST /api/mobile.php HTTP/1.1" 200 162 "-" "curl/7.53.1"
172.31.9.209 - - [18/Mar/2018:17:04:09 +0000] "POST /api/mobile.php HTTP/1.1" 200 55 "-" "curl/7.53.1"
172.31.9.209 - - [18/Mar/2018:17:05:15 +0000] "POST /api/mobile.php HTTP/1.1" 200 53 "-" "curl/7.53.1"
172.31.9.209 - - [18/Mar/2018:17:09:22 +0000] "POST /api/mobile.php HTTP/1.1" 200 56 "-" "curl/7.53.1"
172.31.9.209 - - [18/Mar/2018:17:10:35 +0000] "POST /api/mobile.php HTTP/1.1" 200 57 "-" "curl/7.53.1"
172.31.9.209 - - [18/Mar/2018:17:11:47 +0000] "POST /api/mobile.php HTTP/1.1" 200 55 "-" "curl/7.53.1"
172.31.9.209 - - [18/Mar/2018:17:12:06 +0000] "POST /api/mobile.php HTTP/1.1" 200 57 "-" "curl/7.53.1"
172.31.9.209 - - [18/Mar/2018:17:13:02 +0000] "POST /api/mobile.php HTTP/1.1" 200 162 "-" "curl/7.53.1"
172.31.9.209 - - [18/Mar/2018:17:14:59 +0000] "POST /api/mobile.php HTTP/1.1" 200 74 "-" "curl/7.53.1"
172.31.9.209 - - [18/Mar/2018:17:16:58 +0000] "POST /api/mobile.php HTTP/1.1" 200 74 "-" "curl/7.53.1"
172.31.9.209 - - [18/Mar/2018:17:17:10 +0000] "POST /api/mobile.php HTTP/1.1" 200 55 "-" "curl/7.53.1"
172.31.9.209 - - [18/Mar/2018:17:18:28 +0000] "POST /api/mobile.php HTTP/1.1" 200 121 "-" "curl/7.53.1"
38.142.99.2 - - [18/Mar/2018:17:19:32 +0000] "GET / HTTP/1.1" 400 335 "-" "-"
66.249.83.20 - - [18/Mar/2018:17:59:59 +0000] "GET / HTTP/1.1" 200 770 "-" "Mozilla/5.0 (X11; Linux x86_64) AppleWebKit/537.36 (KHTML, like Gecko) Chrome/49.0.2623.75 Safari/537.36 Google Favicon"
66.249.83.18 - - [18/Mar/2018:17:59:59 +0000] "GET /favicon.ico HTTP/1.1" 200 318 "-" "Mozilla/5.0 (X11; Linux x86_64) AppleWebKit/537.36 (KHTML, like Gecko) Chrome/49.0.2623.75 Safari/537.36 Google Favicon"
178.73.215.171 - - [18/Mar/2018:18:22:37 +0000] "GET / HTTP/1.0" 200 770 "-" "-"
73.10.243.175 - - [18/Mar/2018:22:41:22 +0000] "GET / HTTP/1.1" 200 770 "-" "Mozilla/5.0 (Windows NT 10.0; Win64; x64) AppleWebKit/537.36 (KHTML, like Gecko) Chrome/65.0.3325.162 Safari/537.36"
73.10.243.175 - - [18/Mar/2018:22:41:22 +0000] "GET /favicon.ico HTTP/1.1" 200 318 "http://ec2-54-157-62-1.compute-1.amazonaws.com/" "Mozilla/5.0 (Windows NT 10.0; Win64; x64) AppleWebKit/537.36 (KHTML, like Gecko) Chrome/65.0.3325.162 Safari/537.36"
73.10.243.175 - - [18/Mar/2018:22:41:24 +0000] "GET /login.php HTTP/1.1" 200 584 "http://ec2-54-157-62-1.compute-1.amazonaws.com/" "Mozilla/5.0 (Windows NT 10.0; Win64; x64) AppleWebKit/537.36 (KHTML, like Gecko) Chrome/65.0.3325.162 Safari/537.36"
73.10.243.175 - - [18/Mar/2018:22:41:24 +0000] "GET /stylesheet/operator.css HTTP/1.1" 200 3481 "http://ec2-54-157-62-1.compute-1.amazonaws.com/login.php" "Mozilla/5.0 (Windows NT 10.0; Win64; x64) AppleWebKit/537.36 (KHTML, like Gecko) Chrome/65.0.3325.162 Safari/537.36"
73.10.243.175 - - [18/Mar/2018:22:41:38 +0000] "POST /login.php HTTP/1.1" 302 584 "http://ec2-54-157-62-1.compute-1.amazonaws.com/login.php" "Mozilla/5.0 (Windows NT 10.0; Win64; x64) AppleWebKit/537.36 (KHTML, like Gecko) Chrome/65.0.3325.162 Safari/537.36"
73.10.243.175 - - [18/Mar/2018:22:41:38 +0000] "GET /log/runs.php HTTP/1.1" 200 1750 "http://ec2-54-157-62-1.compute-1.amazonaws.com/login.php" "Mozilla/5.0 (Windows NT 10.0; Win64; x64) AppleWebKit/537.36 (KHTML, like Gecko) Chrome/65.0.3325.162 Safari/537.36"
73.10.243.175 - - [18/Mar/2018:22:45:54 +0000] "GET /log/runs.php HTTP/1.1" 200 1750 "http://ec2-54-157-62-1.compute-1.amazonaws.com/login.php" "Mozilla/5.0 (Windows NT 10.0; Win64; x64) AppleWebKit/537.36 (KHTML, like Gecko) Chrome/65.0.3325.162 Safari/537.36"
73.10.243.175 - - [18/Mar/2018:22:45:54 +0000] "GET /favicon.ico HTTP/1.1" 200 318 "http://ec2-54-157-62-1.compute-1.amazonaws.com/log/runs.php" "Mozilla/5.0 (Windows NT 10.0; Win64; x64) AppleWebKit/537.36 (KHTML, like Gecko) Chrome/65.0.3325.162 Safari/537.36"
73.10.243.175 - - [18/Mar/2018:22:45:57 +0000] "GET /login.php HTTP/1.1" 200 584 "http://ec2-54-157-62-1.compute-1.amazonaws.com/" "Mozilla/5.0 (Windows NT 10.0; Win64; x64) AppleWebKit/537.36 (KHTML, like Gecko) Chrome/65.0.3325.162 Safari/537.36"
73.10.243.175 - - [18/Mar/2018:22:46:00 +0000] "POST /login.php HTTP/1.1" 302 584 "http://ec2-54-157-62-1.compute-1.amazonaws.com/login.php" "Mozilla/5.0 (Windows NT 10.0; Win64; x64) AppleWebKit/537.36 (KHTML, like Gecko) Chrome/65.0.3325.162 Safari/537.36"
73.10.243.175 - - [18/Mar/2018:22:46:00 +0000] "GET /log/runs.php HTTP/1.1" 200 1750 "http://ec2-54-157-62-1.compute-1.amazonaws.com/login.php" "Mozilla/5.0 (Windows NT 10.0; Win64; x64) AppleWebKit/537.36 (KHTML, like Gecko) Chrome/65.0.3325.162 Safari/537.36"
73.10.243.175 - - [18/Mar/2018:22:47:01 +0000] "GET /log/map.php?code=voz11k HTTP/1.1" 200 1627 "http://ec2-54-157-62-1.compute-1.amazonaws.com/log/runs.php" "Mozilla/5.0 (Windows NT 10.0; Win64; x64) AppleWebKit/537.36 (KHTML, like Gecko) Chrome/65.0.3325.162 Safari/537.36"
73.10.243.175 - - [18/Mar/2018:22:47:01 +0000] "GET /js/map.js HTTP/1.1" 200 1403 "http://ec2-54-157-62-1.compute-1.amazonaws.com/log/map.php?code=voz11k" "Mozilla/5.0 (Windows NT 10.0; Win64; x64) AppleWebKit/537.36 (KHTML, like Gecko) Chrome/65.0.3325.162 Safari/537.36"
73.10.243.175 - - [18/Mar/2018:22:47:01 +0000] "POST /api/map-info.php HTTP/1.1" 200 9 "http://ec2-54-157-62-1.compute-1.amazonaws.com/log/map.php?code=voz11k" "Mozilla/5.0 (Windows NT 10.0; Win64; x64) AppleWebKit/537.36 (KHTML, like Gecko) Chrome/65.0.3325.162 Safari/537.36"
73.10.243.175 - - [18/Mar/2018:22:47:01 +0000] "POST /api/map-info.php HTTP/1.1" 200 256 "http://ec2-54-157-62-1.compute-1.amazonaws.com/log/map.php?code=voz11k" "Mozilla/5.0 (Windows NT 10.0; Win64; x64) AppleWebKit/537.36 (KHTML, like Gecko) Chrome/65.0.3325.162 Safari/537.36"
73.10.243.175 - - [18/Mar/2018:22:51:06 +0000] "GET /log/runs.php HTTP/1.1" 200 1750 "http://ec2-54-157-62-1.compute-1.amazonaws.com/login.php" "Mozilla/5.0 (Windows NT 10.0; Win64; x64) AppleWebKit/537.36 (KHTML, like Gecko) Chrome/65.0.3325.162 Safari/537.36"
73.10.243.175 - - [18/Mar/2018:22:51:08 +0000] "GET /log/map.php?code=pekwx6 HTTP/1.1" 200 1627 "http://ec2-54-157-62-1.compute-1.amazonaws.com/log/runs.php" "Mozilla/5.0 (Windows NT 10.0; Win64; x64) AppleWebKit/537.36 (KHTML, like Gecko) Chrome/65.0.3325.162 Safari/537.36"
73.10.243.175 - - [18/Mar/2018:22:51:08 +0000] "POST /api/map-info.php HTTP/1.1" 200 9 "http://ec2-54-157-62-1.compute-1.amazonaws.com/log/map.php?code=pekwx6" "Mozilla/5.0 (Windows NT 10.0; Win64; x64) AppleWebKit/537.36 (KHTML, like Gecko) Chrome/65.0.3325.162 Safari/537.36"
73.10.243.175 - - [18/Mar/2018:22:51:08 +0000] "POST /api/map-info.php HTTP/1.1" 200 2 "http://ec2-54-157-62-1.compute-1.amazonaws.com/log/map.php?code=pekwx6" "Mozilla/5.0 (Windows NT 10.0; Win64; x64) AppleWebKit/537.36 (KHTML, like Gecko) Chrome/65.0.3325.162 Safari/537.36"
73.10.243.175 - - [18/Mar/2018:22:51:16 +0000] "GET /log/runs.php HTTP/1.1" 200 1750 "http://ec2-54-157-62-1.compute-1.amazonaws.com/login.php" "Mozilla/5.0 (Windows NT 10.0; Win64; x64) AppleWebKit/537.36 (KHTML, like Gecko) Chrome/65.0.3325.162 Safari/537.36"
73.10.243.175 - - [18/Mar/2018:22:51:18 +0000] "GET /log/map.php?code=voz11k HTTP/1.1" 200 1627 "http://ec2-54-157-62-1.compute-1.amazonaws.com/log/runs.php" "Mozilla/5.0 (Windows NT 10.0; Win64; x64) AppleWebKit/537.36 (KHTML, like Gecko) Chrome/65.0.3325.162 Safari/537.36"
73.10.243.175 - - [18/Mar/2018:22:51:18 +0000] "POST /api/map-info.php HTTP/1.1" 200 9 "http://ec2-54-157-62-1.compute-1.amazonaws.com/log/map.php?code=voz11k" "Mozilla/5.0 (Windows NT 10.0; Win64; x64) AppleWebKit/537.36 (KHTML, like Gecko) Chrome/65.0.3325.162 Safari/537.36"
73.10.243.175 - - [18/Mar/2018:22:51:19 +0000] "POST /api/map-info.php HTTP/1.1" 200 256 "http://ec2-54-157-62-1.compute-1.amazonaws.com/log/map.php?code=voz11k" "Mozilla/5.0 (Windows NT 10.0; Win64; x64) AppleWebKit/537.36 (KHTML, like Gecko) Chrome/65.0.3325.162 Safari/537.36"
73.10.243.175 - - [18/Mar/2018:22:51:29 +0000] "GET /log/runs.php HTTP/1.1" 200 1750 "http://ec2-54-157-62-1.compute-1.amazonaws.com/login.php" "Mozilla/5.0 (Windows NT 10.0; Win64; x64) AppleWebKit/537.36 (KHTML, like Gecko) Chrome/65.0.3325.162 Safari/537.36"
54.81.176.175 - - [18/Mar/2018:23:42:33 +0000] "HEAD / HTTP/1.1" 200 - "-" "Cloud mapping experiment. Contact research@pdrlabs.net"
54.156.56.187 - - [18/Mar/2018:23:42:38 +0000] "HEAD / HTTP/1.1" 200 - "-" "Cloud mapping experiment. Contact research@pdrlabs.net"
89.247.107.238 - - [19/Mar/2018:00:53:58 +0000] "GET / HTTP/1.0" 200 770 "-" "muhstik/1.0"
89.247.107.238 - - [19/Mar/2018:00:54:29 +0000] "GET /webdav HTTP/1.0" 404 313 "-" "muhstik-scan/1.0"
139.162.119.197 - - [19/Mar/2018:02:10:53 +0000] "GET / HTTP/1.1" 200 770 "-" "Mozilla/5.0 (Windows NT 10.0; WOW64) AppleWebKit/537.36 (KHTML, like Gecko) Chrome/50.0.2661.102 Safari/537.36"
73.10.243.175 - - [19/Mar/2018:02:22:42 +0000] "GET /log/runs.php HTTP/1.1" 200 1750 "http://ec2-54-157-62-1.compute-1.amazonaws.com/login.php" "Mozilla/5.0 (Windows NT 10.0; Win64; x64) AppleWebKit/537.36 (KHTML, like Gecko) Chrome/65.0.3325.162 Safari/537.36"
141.212.122.144 - - [19/Mar/2018:02:35:08 +0000] "GET /x HTTP/1.1" 400 335 "-" "Telesphoreo"
46.243.189.60 - - [19/Mar/2018:03:38:17 +0000] "GET /muieblackcat HTTP/1.1" 404 287 "-" "-"
46.243.189.60 - - [19/Mar/2018:03:38:17 +0000] "GET //phpMyAdmin/scripts/setup.php HTTP/1.1" 404 303 "-" "-"
46.243.189.60 - - [19/Mar/2018:03:38:18 +0000] "GET //phpmyadmin/scripts/setup.php HTTP/1.1" 404 303 "-" "-"
46.243.189.60 - - [19/Mar/2018:03:38:18 +0000] "GET //pma/scripts/setup.php HTTP/1.1" 404 296 "-" "-"
46.243.189.60 - - [19/Mar/2018:03:38:18 +0000] "GET //myadmin/scripts/setup.php HTTP/1.1" 404 300 "-" "-"
46.243.189.60 - - [19/Mar/2018:03:38:18 +0000] "GET //MyAdmin/scripts/setup.php HTTP/1.1" 404 300 "-" "-"
108.24.126.238 - - [19/Mar/2018:04:22:05 +0000] "GET / HTTP/1.1" 200 770 "-" "Mozilla/5.0 (Windows NT 10.0; Win64; x64) AppleWebKit/537.36 (KHTML, like Gecko) Chrome/65.0.3325.162 Safari/537.36"
108.24.126.238 - - [19/Mar/2018:04:22:05 +0000] "GET /favicon.ico HTTP/1.1" 200 318 "http://ec2-54-157-62-1.compute-1.amazonaws.com/" "Mozilla/5.0 (Windows NT 10.0; Win64; x64) AppleWebKit/537.36 (KHTML, like Gecko) Chrome/65.0.3325.162 Safari/537.36"
108.24.126.238 - - [19/Mar/2018:04:23:24 +0000] "GET /register.php HTTP/1.1" 200 682 "http://ec2-54-157-62-1.compute-1.amazonaws.com/" "Mozilla/5.0 (Windows NT 10.0; Win64; x64) AppleWebKit/537.36 (KHTML, like Gecko) Chrome/65.0.3325.162 Safari/537.36"
108.24.126.238 - - [19/Mar/2018:04:23:24 +0000] "GET /stylesheet/operator.css HTTP/1.1" 200 3481 "http://ec2-54-157-62-1.compute-1.amazonaws.com/register.php" "Mozilla/5.0 (Windows NT 10.0; Win64; x64) AppleWebKit/537.36 (KHTML, like Gecko) Chrome/65.0.3325.162 Safari/537.36"
108.24.126.238 - - [19/Mar/2018:04:24:10 +0000] "POST /register.php HTTP/1.1" 200 777 "http://ec2-54-157-62-1.compute-1.amazonaws.com/register.php" "Mozilla/5.0 (Windows NT 10.0; Win64; x64) AppleWebKit/537.36 (KHTML, like Gecko) Chrome/65.0.3325.162 Safari/537.36"
108.24.126.238 - - [19/Mar/2018:04:24:31 +0000] "GET /register.php HTTP/1.1" 200 682 "http://ec2-54-157-62-1.compute-1.amazonaws.com/" "Mozilla/5.0 (Windows NT 10.0; Win64; x64) AppleWebKit/537.36 (KHTML, like Gecko) Chrome/65.0.3325.162 Safari/537.36"
108.24.126.238 - - [19/Mar/2018:04:24:32 +0000] "GET /login.php HTTP/1.1" 200 584 "http://ec2-54-157-62-1.compute-1.amazonaws.com/" "Mozilla/5.0 (Windows NT 10.0; Win64; x64) AppleWebKit/537.36 (KHTML, like Gecko) Chrome/65.0.3325.162 Safari/537.36"
108.24.126.238 - - [19/Mar/2018:04:24:51 +0000] "POST /login.php HTTP/1.1" 302 584 "http://ec2-54-157-62-1.compute-1.amazonaws.com/login.php" "Mozilla/5.0 (Windows NT 10.0; Win64; x64) AppleWebKit/537.36 (KHTML, like Gecko) Chrome/65.0.3325.162 Safari/537.36"
108.24.126.238 - - [19/Mar/2018:04:24:52 +0000] "GET /log/runs.php HTTP/1.1" 200 589 "http://ec2-54-157-62-1.compute-1.amazonaws.com/login.php" "Mozilla/5.0 (Windows NT 10.0; Win64; x64) AppleWebKit/537.36 (KHTML, like Gecko) Chrome/65.0.3325.162 Safari/537.36"
108.24.126.238 - - [19/Mar/2018:04:25:12 +0000] "GET /log/runs.php?create=true HTTP/1.1" 302 755 "http://ec2-54-157-62-1.compute-1.amazonaws.com/log/runs.php" "Mozilla/5.0 (Windows NT 10.0; Win64; x64) AppleWebKit/537.36 (KHTML, like Gecko) Chrome/65.0.3325.162 Safari/537.36"
108.24.126.238 - - [19/Mar/2018:04:25:12 +0000] "GET /log/map.php?code=qpd4pc HTTP/1.1" 200 1624 "http://ec2-54-157-62-1.compute-1.amazonaws.com/log/runs.php" "Mozilla/5.0 (Windows NT 10.0; Win64; x64) AppleWebKit/537.36 (KHTML, like Gecko) Chrome/65.0.3325.162 Safari/537.36"
108.24.126.238 - - [19/Mar/2018:04:25:12 +0000] "GET /js/map.js HTTP/1.1" 200 1403 "http://ec2-54-157-62-1.compute-1.amazonaws.com/log/map.php?code=qpd4pc" "Mozilla/5.0 (Windows NT 10.0; Win64; x64) AppleWebKit/537.36 (KHTML, like Gecko) Chrome/65.0.3325.162 Safari/537.36"
108.24.126.238 - - [19/Mar/2018:04:25:12 +0000] "POST /api/map-info.php HTTP/1.1" 200 9 "http://ec2-54-157-62-1.compute-1.amazonaws.com/log/map.php?code=qpd4pc" "Mozilla/5.0 (Windows NT 10.0; Win64; x64) AppleWebKit/537.36 (KHTML, like Gecko) Chrome/65.0.3325.162 Safari/537.36"
108.24.126.238 - - [19/Mar/2018:04:25:12 +0000] "POST /api/map-info.php HTTP/1.1" 200 2 "http://ec2-54-157-62-1.compute-1.amazonaws.com/log/map.php?code=qpd4pc" "Mozilla/5.0 (Windows NT 10.0; Win64; x64) AppleWebKit/537.36 (KHTML, like Gecko) Chrome/65.0.3325.162 Safari/537.36"
108.24.126.238 - - [19/Mar/2018:04:25:38 +0000] "GET /log/map.php?code=qpd4pc&end=true HTTP/1.1" 302 1624 "http://ec2-54-157-62-1.compute-1.amazonaws.com/log/map.php?code=qpd4pc" "Mozilla/5.0 (Windows NT 10.0; Win64; x64) AppleWebKit/537.36 (KHTML, like Gecko) Chrome/65.0.3325.162 Safari/537.36"
108.24.126.238 - - [19/Mar/2018:04:25:38 +0000] "GET /log/runs.php HTTP/1.1" 200 754 "http://ec2-54-157-62-1.compute-1.amazonaws.com/log/map.php?code=qpd4pc" "Mozilla/5.0 (Windows NT 10.0; Win64; x64) AppleWebKit/537.36 (KHTML, like Gecko) Chrome/65.0.3325.162 Safari/537.36"
108.24.126.238 - - [19/Mar/2018:07:04:49 +0000] "GET /login.php HTTP/1.1" 200 584 "http://ec2-54-157-62-1.compute-1.amazonaws.com/" "Mozilla/5.0 (Windows NT 10.0; Win64; x64) AppleWebKit/537.36 (KHTML, like Gecko) Chrome/65.0.3325.162 Safari/537.36"
108.24.126.238 - - [19/Mar/2018:07:04:51 +0000] "GET /register.php HTTP/1.1" 200 682 "http://ec2-54-157-62-1.compute-1.amazonaws.com/" "Mozilla/5.0 (Windows NT 10.0; Win64; x64) AppleWebKit/537.36 (KHTML, like Gecko) Chrome/65.0.3325.162 Safari/537.36"
108.24.126.238 - - [19/Mar/2018:07:04:53 +0000] "GET /login.php HTTP/1.1" 200 584 "http://ec2-54-157-62-1.compute-1.amazonaws.com/" "Mozilla/5.0 (Windows NT 10.0; Win64; x64) AppleWebKit/537.36 (KHTML, like Gecko) Chrome/65.0.3325.162 Safari/537.36"
108.24.126.238 - - [19/Mar/2018:07:04:54 +0000] "POST /login.php HTTP/1.1" 200 638 "http://ec2-54-157-62-1.compute-1.amazonaws.com/login.php" "Mozilla/5.0 (Windows NT 10.0; Win64; x64) AppleWebKit/537.36 (KHTML, like Gecko) Chrome/65.0.3325.162 Safari/537.36"
108.24.126.238 - - [19/Mar/2018:07:05:10 +0000] "POST /login.php HTTP/1.1" 302 584 "http://ec2-54-157-62-1.compute-1.amazonaws.com/login.php" "Mozilla/5.0 (Windows NT 10.0; Win64; x64) AppleWebKit/537.36 (KHTML, like Gecko) Chrome/65.0.3325.162 Safari/537.36"
108.24.126.238 - - [19/Mar/2018:07:05:10 +0000] "GET /log/runs.php HTTP/1.1" 200 754 "http://ec2-54-157-62-1.compute-1.amazonaws.com/login.php" "Mozilla/5.0 (Windows NT 10.0; Win64; x64) AppleWebKit/537.36 (KHTML, like Gecko) Chrome/65.0.3325.162 Safari/537.36"
108.24.126.238 - - [19/Mar/2018:07:05:34 +0000] "GET /log/map.php?code=qpd4pc HTTP/1.1" 200 1624 "http://ec2-54-157-62-1.compute-1.amazonaws.com/log/runs.php" "Mozilla/5.0 (Windows NT 10.0; Win64; x64) AppleWebKit/537.36 (KHTML, like Gecko) Chrome/65.0.3325.162 Safari/537.36"
108.24.126.238 - - [19/Mar/2018:07:05:35 +0000] "POST /api/map-info.php HTTP/1.1" 200 9 "http://ec2-54-157-62-1.compute-1.amazonaws.com/log/map.php?code=qpd4pc" "Mozilla/5.0 (Windows NT 10.0; Win64; x64) AppleWebKit/537.36 (KHTML, like Gecko) Chrome/65.0.3325.162 Safari/537.36"
108.24.126.238 - - [19/Mar/2018:07:05:35 +0000] "POST /api/map-info.php HTTP/1.1" 200 2 "http://ec2-54-157-62-1.compute-1.amazonaws.com/log/map.php?code=qpd4pc" "Mozilla/5.0 (Windows NT 10.0; Win64; x64) AppleWebKit/537.36 (KHTML, like Gecko) Chrome/65.0.3325.162 Safari/537.36"
108.24.126.238 - - [19/Mar/2018:07:05:37 +0000] "GET /log/map.php?code=qpd4pc&end=true HTTP/1.1" 302 1624 "http://ec2-54-157-62-1.compute-1.amazonaws.com/log/map.php?code=qpd4pc" "Mozilla/5.0 (Windows NT 10.0; Win64; x64) AppleWebKit/537.36 (KHTML, like Gecko) Chrome/65.0.3325.162 Safari/537.36"
108.24.126.238 - - [19/Mar/2018:07:05:37 +0000] "GET /log/runs.php HTTP/1.1" 200 754 "http://ec2-54-157-62-1.compute-1.amazonaws.com/log/map.php?code=qpd4pc" "Mozilla/5.0 (Windows NT 10.0; Win64; x64) AppleWebKit/537.36 (KHTML, like Gecko) Chrome/65.0.3325.162 Safari/537.36"
108.24.126.238 - - [19/Mar/2018:07:05:39 +0000] "GET /log/map.php?code=qpd4pc HTTP/1.1" 200 1624 "http://ec2-54-157-62-1.compute-1.amazonaws.com/log/runs.php" "Mozilla/5.0 (Windows NT 10.0; Win64; x64) AppleWebKit/537.36 (KHTML, like Gecko) Chrome/65.0.3325.162 Safari/537.36"
108.24.126.238 - - [19/Mar/2018:07:05:39 +0000] "POST /api/map-info.php HTTP/1.1" 200 9 "http://ec2-54-157-62-1.compute-1.amazonaws.com/log/map.php?code=qpd4pc" "Mozilla/5.0 (Windows NT 10.0; Win64; x64) AppleWebKit/537.36 (KHTML, like Gecko) Chrome/65.0.3325.162 Safari/537.36"
108.24.126.238 - - [19/Mar/2018:07:05:39 +0000] "POST /api/map-info.php HTTP/1.1" 200 2 "http://ec2-54-157-62-1.compute-1.amazonaws.com/log/map.php?code=qpd4pc" "Mozilla/5.0 (Windows NT 10.0; Win64; x64) AppleWebKit/537.36 (KHTML, like Gecko) Chrome/65.0.3325.162 Safari/537.36"
108.24.126.238 - - [19/Mar/2018:07:05:41 +0000] "GET /log/runs.php HTTP/1.1" 200 754 "http://ec2-54-157-62-1.compute-1.amazonaws.com/log/map.php?code=qpd4pc" "Mozilla/5.0 (Windows NT 10.0; Win64; x64) AppleWebKit/537.36 (KHTML, like Gecko) Chrome/65.0.3325.162 Safari/537.36"
108.24.126.238 - - [19/Mar/2018:07:08:42 +0000] "GET /log/map.php?code=qpd4pc HTTP/1.1" 200 1624 "http://ec2-54-157-62-1.compute-1.amazonaws.com/log/runs.php" "Mozilla/5.0 (Windows NT 10.0; Win64; x64) AppleWebKit/537.36 (KHTML, like Gecko) Chrome/65.0.3325.162 Safari/537.36"
108.24.126.238 - - [19/Mar/2018:07:08:42 +0000] "POST /api/map-info.php HTTP/1.1" 200 9 "http://ec2-54-157-62-1.compute-1.amazonaws.com/log/map.php?code=qpd4pc" "Mozilla/5.0 (Windows NT 10.0; Win64; x64) AppleWebKit/537.36 (KHTML, like Gecko) Chrome/65.0.3325.162 Safari/537.36"
108.24.126.238 - - [19/Mar/2018:07:08:42 +0000] "POST /api/map-info.php HTTP/1.1" 200 2 "http://ec2-54-157-62-1.compute-1.amazonaws.com/log/map.php?code=qpd4pc" "Mozilla/5.0 (Windows NT 10.0; Win64; x64) AppleWebKit/537.36 (KHTML, like Gecko) Chrome/65.0.3325.162 Safari/537.36"
108.24.126.238 - - [19/Mar/2018:07:08:42 +0000] "GET /log/runs.php HTTP/1.1" 200 754 "http://ec2-54-157-62-1.compute-1.amazonaws.com/login.php" "Mozilla/5.0 (Windows NT 10.0; Win64; x64) AppleWebKit/537.36 (KHTML, like Gecko) Chrome/65.0.3325.162 Safari/537.36"
108.24.126.238 - - [19/Mar/2018:07:08:44 +0000] "GET /login.php HTTP/1.1" 200 584 "http://ec2-54-157-62-1.compute-1.amazonaws.com/" "Mozilla/5.0 (Windows NT 10.0; Win64; x64) AppleWebKit/537.36 (KHTML, like Gecko) Chrome/65.0.3325.162 Safari/537.36"
108.24.126.238 - - [19/Mar/2018:07:09:07 +0000] "POST /login.php HTTP/1.1" 302 584 "http://ec2-54-157-62-1.compute-1.amazonaws.com/login.php" "Mozilla/5.0 (Windows NT 10.0; Win64; x64) AppleWebKit/537.36 (KHTML, like Gecko) Chrome/65.0.3325.162 Safari/537.36"
108.24.126.238 - - [19/Mar/2018:07:09:07 +0000] "GET /log/runs.php HTTP/1.1" 200 754 "http://ec2-54-157-62-1.compute-1.amazonaws.com/login.php" "Mozilla/5.0 (Windows NT 10.0; Win64; x64) AppleWebKit/537.36 (KHTML, like Gecko) Chrome/65.0.3325.162 Safari/537.36"
108.24.126.238 - - [19/Mar/2018:07:09:34 +0000] "GET /log/runs.php?create=true HTTP/1.1" 302 920 "http://ec2-54-157-62-1.compute-1.amazonaws.com/log/runs.php" "Mozilla/5.0 (Windows NT 10.0; Win64; x64) AppleWebKit/537.36 (KHTML, like Gecko) Chrome/65.0.3325.162 Safari/537.36"
108.24.126.238 - - [19/Mar/2018:07:09:34 +0000] "GET /log/map.php?code=r4mfnx HTTP/1.1" 200 1624 "http://ec2-54-157-62-1.compute-1.amazonaws.com/log/runs.php" "Mozilla/5.0 (Windows NT 10.0; Win64; x64) AppleWebKit/537.36 (KHTML, like Gecko) Chrome/65.0.3325.162 Safari/537.36"
108.24.126.238 - - [19/Mar/2018:07:09:34 +0000] "POST /api/map-info.php HTTP/1.1" 200 9 "http://ec2-54-157-62-1.compute-1.amazonaws.com/log/map.php?code=r4mfnx" "Mozilla/5.0 (Windows NT 10.0; Win64; x64) AppleWebKit/537.36 (KHTML, like Gecko) Chrome/65.0.3325.162 Safari/537.36"
108.24.126.238 - - [19/Mar/2018:07:09:34 +0000] "POST /api/map-info.php HTTP/1.1" 200 2 "http://ec2-54-157-62-1.compute-1.amazonaws.com/log/map.php?code=r4mfnx" "Mozilla/5.0 (Windows NT 10.0; Win64; x64) AppleWebKit/537.36 (KHTML, like Gecko) Chrome/65.0.3325.162 Safari/537.36"
108.24.126.238 - - [19/Mar/2018:07:09:35 +0000] "GET /log/runs.php HTTP/1.1" 200 920 "http://ec2-54-157-62-1.compute-1.amazonaws.com/login.php" "Mozilla/5.0 (Windows NT 10.0; Win64; x64) AppleWebKit/537.36 (KHTML, like Gecko) Chrome/65.0.3325.162 Safari/537.36"
220.189.249.97 - - [19/Mar/2018:11:56:10 +0000] "GET /manager/html HTTP/1.1" 404 287 "-" "Mozilla/5.0 (compatible; MSIE 10.0; Windows NT 6.2; WOW64; Trident/6.0)"
150.250.5.25 - - [19/Mar/2018:13:40:52 +0000] "GET / HTTP/1.1" 200 770 "-" "Mozilla/5.0 (Macintosh; Intel Mac OS X 10_13_3) AppleWebKit/537.36 (KHTML, like Gecko) Chrome/64.0.3282.167 Safari/537.36"
150.250.5.25 - - [19/Mar/2018:13:40:57 +0000] "GET /login.php HTTP/1.1" 200 584 "http://ec2-54-157-62-1.compute-1.amazonaws.com/" "Mozilla/5.0 (Macintosh; Intel Mac OS X 10_13_3) AppleWebKit/537.36 (KHTML, like Gecko) Chrome/64.0.3282.167 Safari/537.36"
150.250.5.25 - - [19/Mar/2018:13:40:57 +0000] "GET /stylesheet/operator.css HTTP/1.1" 200 3481 "http://ec2-54-157-62-1.compute-1.amazonaws.com/login.php" "Mozilla/5.0 (Macintosh; Intel Mac OS X 10_13_3) AppleWebKit/537.36 (KHTML, like Gecko) Chrome/64.0.3282.167 Safari/537.36"
150.250.5.25 - - [19/Mar/2018:13:41:08 +0000] "POST /login.php HTTP/1.1" 200 638 "http://ec2-54-157-62-1.compute-1.amazonaws.com/login.php" "Mozilla/5.0 (Macintosh; Intel Mac OS X 10_13_3) AppleWebKit/537.36 (KHTML, like Gecko) Chrome/64.0.3282.167 Safari/537.36"
150.250.5.25 - - [19/Mar/2018:13:41:16 +0000] "POST /login.php HTTP/1.1" 200 638 "http://ec2-54-157-62-1.compute-1.amazonaws.com/login.php" "Mozilla/5.0 (Macintosh; Intel Mac OS X 10_13_3) AppleWebKit/537.36 (KHTML, like Gecko) Chrome/64.0.3282.167 Safari/537.36"
150.250.5.25 - - [19/Mar/2018:13:41:28 +0000] "POST /login.php HTTP/1.1" 200 638 "http://ec2-54-157-62-1.compute-1.amazonaws.com/login.php" "Mozilla/5.0 (Macintosh; Intel Mac OS X 10_13_3) AppleWebKit/537.36 (KHTML, like Gecko) Chrome/64.0.3282.167 Safari/537.36"
150.250.5.25 - - [19/Mar/2018:13:44:15 +0000] "POST /login.php HTTP/1.1" 302 584 "http://ec2-54-157-62-1.compute-1.amazonaws.com/login.php" "Mozilla/5.0 (Macintosh; Intel Mac OS X 10_13_3) AppleWebKit/537.36 (KHTML, like Gecko) Chrome/64.0.3282.167 Safari/537.36"
150.250.5.25 - - [19/Mar/2018:13:44:15 +0000] "GET /log/runs.php HTTP/1.1" 200 1250 "http://ec2-54-157-62-1.compute-1.amazonaws.com/login.php" "Mozilla/5.0 (Macintosh; Intel Mac OS X 10_13_3) AppleWebKit/537.36 (KHTML, like Gecko) Chrome/64.0.3282.167 Safari/537.36"
150.250.5.25 - - [19/Mar/2018:13:44:25 +0000] "GET /log/map.php?code=trhy5w HTTP/1.1" 200 1622 "http://ec2-54-157-62-1.compute-1.amazonaws.com/log/runs.php" "Mozilla/5.0 (Macintosh; Intel Mac OS X 10_13_3) AppleWebKit/537.36 (KHTML, like Gecko) Chrome/64.0.3282.167 Safari/537.36"
150.250.5.25 - - [19/Mar/2018:13:44:25 +0000] "GET /js/map.js HTTP/1.1" 200 1403 "http://ec2-54-157-62-1.compute-1.amazonaws.com/log/map.php?code=trhy5w" "Mozilla/5.0 (Macintosh; Intel Mac OS X 10_13_3) AppleWebKit/537.36 (KHTML, like Gecko) Chrome/64.0.3282.167 Safari/537.36"
150.250.5.25 - - [19/Mar/2018:13:44:25 +0000] "POST /api/map-info.php HTTP/1.1" 200 9 "http://ec2-54-157-62-1.compute-1.amazonaws.com/log/map.php?code=trhy5w" "Mozilla/5.0 (Macintosh; Intel Mac OS X 10_13_3) AppleWebKit/537.36 (KHTML, like Gecko) Chrome/64.0.3282.167 Safari/537.36"
150.250.5.25 - - [19/Mar/2018:13:44:25 +0000] "POST /api/map-info.php HTTP/1.1" 200 2 "http://ec2-54-157-62-1.compute-1.amazonaws.com/log/map.php?code=trhy5w" "Mozilla/5.0 (Macintosh; Intel Mac OS X 10_13_3) AppleWebKit/537.36 (KHTML, like Gecko) Chrome/64.0.3282.167 Safari/537.36"
150.250.5.25 - - [19/Mar/2018:13:44:35 +0000] "GET /log/runs.php HTTP/1.1" 200 1250 "http://ec2-54-157-62-1.compute-1.amazonaws.com/login.php" "Mozilla/5.0 (Macintosh; Intel Mac OS X 10_13_3) AppleWebKit/537.36 (KHTML, like Gecko) Chrome/64.0.3282.167 Safari/537.36"
150.250.5.25 - - [19/Mar/2018:13:45:28 +0000] "GET /log/map.php?code=g7a0l7 HTTP/1.1" 200 1622 "http://ec2-54-157-62-1.compute-1.amazonaws.com/log/runs.php" "Mozilla/5.0 (Macintosh; Intel Mac OS X 10_13_3) AppleWebKit/537.36 (KHTML, like Gecko) Chrome/64.0.3282.167 Safari/537.36"
150.250.5.25 - - [19/Mar/2018:13:45:28 +0000] "POST /api/map-info.php HTTP/1.1" 200 9 "http://ec2-54-157-62-1.compute-1.amazonaws.com/log/map.php?code=g7a0l7" "Mozilla/5.0 (Macintosh; Intel Mac OS X 10_13_3) AppleWebKit/537.36 (KHTML, like Gecko) Chrome/64.0.3282.167 Safari/537.36"
150.250.5.25 - - [19/Mar/2018:13:45:28 +0000] "POST /api/map-info.php HTTP/1.1" 200 2 "http://ec2-54-157-62-1.compute-1.amazonaws.com/log/map.php?code=g7a0l7" "Mozilla/5.0 (Macintosh; Intel Mac OS X 10_13_3) AppleWebKit/537.36 (KHTML, like Gecko) Chrome/64.0.3282.167 Safari/537.36"
150.250.5.25 - - [19/Mar/2018:13:45:32 +0000] "GET /log/runs.php HTTP/1.1" 200 1250 "http://ec2-54-157-62-1.compute-1.amazonaws.com/login.php" "Mozilla/5.0 (Macintosh; Intel Mac OS X 10_13_3) AppleWebKit/537.36 (KHTML, like Gecko) Chrome/64.0.3282.167 Safari/537.36"
150.250.5.25 - - [19/Mar/2018:13:45:45 +0000] "GET /log/map.php?code=trhy5w HTTP/1.1" 200 1622 "http://ec2-54-157-62-1.compute-1.amazonaws.com/log/runs.php" "Mozilla/5.0 (Macintosh; Intel Mac OS X 10_13_3) AppleWebKit/537.36 (KHTML, like Gecko) Chrome/64.0.3282.167 Safari/537.36"
150.250.5.25 - - [19/Mar/2018:13:45:45 +0000] "POST /api/map-info.php HTTP/1.1" 200 9 "http://ec2-54-157-62-1.compute-1.amazonaws.com/log/map.php?code=trhy5w" "Mozilla/5.0 (Macintosh; Intel Mac OS X 10_13_3) AppleWebKit/537.36 (KHTML, like Gecko) Chrome/64.0.3282.167 Safari/537.36"
150.250.5.25 - - [19/Mar/2018:13:45:45 +0000] "POST /api/map-info.php HTTP/1.1" 200 2 "http://ec2-54-157-62-1.compute-1.amazonaws.com/log/map.php?code=trhy5w" "Mozilla/5.0 (Macintosh; Intel Mac OS X 10_13_3) AppleWebKit/537.36 (KHTML, like Gecko) Chrome/64.0.3282.167 Safari/537.36"
150.250.5.25 - - [19/Mar/2018:13:58:20 +0000] "GET /log/runs.php HTTP/1.1" 200 1250 "http://ec2-54-157-62-1.compute-1.amazonaws.com/login.php" "Mozilla/5.0 (Macintosh; Intel Mac OS X 10_13_3) AppleWebKit/537.36 (KHTML, like Gecko) Chrome/64.0.3282.167 Safari/537.36"
150.250.5.25 - - [19/Mar/2018:13:58:23 +0000] "GET /log/map.php?code=g7a0l7 HTTP/1.1" 200 1622 "http://ec2-54-157-62-1.compute-1.amazonaws.com/log/runs.php" "Mozilla/5.0 (Macintosh; Intel Mac OS X 10_13_3) AppleWebKit/537.36 (KHTML, like Gecko) Chrome/64.0.3282.167 Safari/537.36"
150.250.5.25 - - [19/Mar/2018:13:58:23 +0000] "POST /api/map-info.php HTTP/1.1" 200 9 "http://ec2-54-157-62-1.compute-1.amazonaws.com/log/map.php?code=g7a0l7" "Mozilla/5.0 (Macintosh; Intel Mac OS X 10_13_3) AppleWebKit/537.36 (KHTML, like Gecko) Chrome/64.0.3282.167 Safari/537.36"
150.250.5.25 - - [19/Mar/2018:13:58:23 +0000] "POST /api/map-info.php HTTP/1.1" 200 2 "http://ec2-54-157-62-1.compute-1.amazonaws.com/log/map.php?code=g7a0l7" "Mozilla/5.0 (Macintosh; Intel Mac OS X 10_13_3) AppleWebKit/537.36 (KHTML, like Gecko) Chrome/64.0.3282.167 Safari/537.36"
150.250.5.25 - - [19/Mar/2018:13:58:31 +0000] "GET /log/runs.php HTTP/1.1" 200 1250 "http://ec2-54-157-62-1.compute-1.amazonaws.com/login.php" "Mozilla/5.0 (Macintosh; Intel Mac OS X 10_13_3) AppleWebKit/537.36 (KHTML, like Gecko) Chrome/64.0.3282.167 Safari/537.36"
150.250.5.31 - - [19/Mar/2018:14:18:26 +0000] "POST / HTTP/1.1" 200 770 "-" "Dalvik/2.1.0 (Linux; U; Android 5.1.1; LGMS330 Build/LMY47V)"
150.250.5.25 - - [19/Mar/2018:14:18:29 +0000] "GET /log/map.php?code=trhy5w HTTP/1.1" 200 1622 "http://ec2-54-157-62-1.compute-1.amazonaws.com/log/runs.php" "Mozilla/5.0 (Macintosh; Intel Mac OS X 10_13_3) AppleWebKit/537.36 (KHTML, like Gecko) Chrome/64.0.3282.167 Safari/537.36"
150.250.5.25 - - [19/Mar/2018:14:18:29 +0000] "POST /api/map-info.php HTTP/1.1" 200 9 "http://ec2-54-157-62-1.compute-1.amazonaws.com/log/map.php?code=trhy5w" "Mozilla/5.0 (Macintosh; Intel Mac OS X 10_13_3) AppleWebKit/537.36 (KHTML, like Gecko) Chrome/64.0.3282.167 Safari/537.36"
150.250.5.25 - - [19/Mar/2018:14:18:29 +0000] "POST /api/map-info.php HTTP/1.1" 200 2 "http://ec2-54-157-62-1.compute-1.amazonaws.com/log/map.php?code=trhy5w" "Mozilla/5.0 (Macintosh; Intel Mac OS X 10_13_3) AppleWebKit/537.36 (KHTML, like Gecko) Chrome/64.0.3282.167 Safari/537.36"
150.250.5.25 - - [19/Mar/2018:14:18:43 +0000] "GET /log/runs.php HTTP/1.1" 200 1250 "http://ec2-54-157-62-1.compute-1.amazonaws.com/login.php" "Mozilla/5.0 (Macintosh; Intel Mac OS X 10_13_3) AppleWebKit/537.36 (KHTML, like Gecko) Chrome/64.0.3282.167 Safari/537.36"
150.250.5.25 - - [19/Mar/2018:14:19:01 +0000] "GET /log/map.php?code=g7a0l7 HTTP/1.1" 200 1622 "http://ec2-54-157-62-1.compute-1.amazonaws.com/log/runs.php" "Mozilla/5.0 (Macintosh; Intel Mac OS X 10_13_3) AppleWebKit/537.36 (KHTML, like Gecko) Chrome/64.0.3282.167 Safari/537.36"
150.250.5.25 - - [19/Mar/2018:14:19:01 +0000] "POST /api/map-info.php HTTP/1.1" 200 9 "http://ec2-54-157-62-1.compute-1.amazonaws.com/log/map.php?code=g7a0l7" "Mozilla/5.0 (Macintosh; Intel Mac OS X 10_13_3) AppleWebKit/537.36 (KHTML, like Gecko) Chrome/64.0.3282.167 Safari/537.36"
150.250.5.25 - - [19/Mar/2018:14:19:01 +0000] "POST /api/map-info.php HTTP/1.1" 200 2 "http://ec2-54-157-62-1.compute-1.amazonaws.com/log/map.php?code=g7a0l7" "Mozilla/5.0 (Macintosh; Intel Mac OS X 10_13_3) AppleWebKit/537.36 (KHTML, like Gecko) Chrome/64.0.3282.167 Safari/537.36"
150.250.5.31 - - [19/Mar/2018:14:19:10 +0000] "POST / HTTP/1.1" 200 770 "-" "Dalvik/2.1.0 (Linux; U; Android 5.1.1; LGMS330 Build/LMY47V)"
150.250.5.25 - - [19/Mar/2018:14:19:18 +0000] "GET /log/runs.php HTTP/1.1" 200 1250 "http://ec2-54-157-62-1.compute-1.amazonaws.com/login.php" "Mozilla/5.0 (Macintosh; Intel Mac OS X 10_13_3) AppleWebKit/537.36 (KHTML, like Gecko) Chrome/64.0.3282.167 Safari/537.36"
150.250.5.25 - - [19/Mar/2018:14:19:28 +0000] "GET /log/map.php?code=trhy5w HTTP/1.1" 200 1622 "http://ec2-54-157-62-1.compute-1.amazonaws.com/log/runs.php" "Mozilla/5.0 (Macintosh; Intel Mac OS X 10_13_3) AppleWebKit/537.36 (KHTML, like Gecko) Chrome/64.0.3282.167 Safari/537.36"
150.250.5.25 - - [19/Mar/2018:14:19:28 +0000] "POST /api/map-info.php HTTP/1.1" 200 9 "http://ec2-54-157-62-1.compute-1.amazonaws.com/log/map.php?code=trhy5w" "Mozilla/5.0 (Macintosh; Intel Mac OS X 10_13_3) AppleWebKit/537.36 (KHTML, like Gecko) Chrome/64.0.3282.167 Safari/537.36"
150.250.5.25 - - [19/Mar/2018:14:19:28 +0000] "POST /api/map-info.php HTTP/1.1" 200 2 "http://ec2-54-157-62-1.compute-1.amazonaws.com/log/map.php?code=trhy5w" "Mozilla/5.0 (Macintosh; Intel Mac OS X 10_13_3) AppleWebKit/537.36 (KHTML, like Gecko) Chrome/64.0.3282.167 Safari/537.36"
150.250.5.31 - - [19/Mar/2018:14:28:18 +0000] "POST / HTTP/1.1" 200 770 "-" "Dalvik/2.1.0 (Linux; U; Android 5.1.1; LGMS330 Build/LMY47V)"
150.250.5.25 - - [19/Mar/2018:14:33:45 +0000] "GET /log/runs.php HTTP/1.1" 200 1250 "http://ec2-54-157-62-1.compute-1.amazonaws.com/login.php" "Mozilla/5.0 (Macintosh; Intel Mac OS X 10_13_3) AppleWebKit/537.36 (KHTML, like Gecko) Chrome/64.0.3282.167 Safari/537.36"
150.250.5.25 - - [19/Mar/2018:14:35:12 +0000] "GET /log/map.php?code=trhy5w HTTP/1.1" 200 1622 "http://ec2-54-157-62-1.compute-1.amazonaws.com/log/runs.php" "Mozilla/5.0 (Macintosh; Intel Mac OS X 10_13_3) AppleWebKit/537.36 (KHTML, like Gecko) Chrome/64.0.3282.167 Safari/537.36"
150.250.5.25 - - [19/Mar/2018:14:35:12 +0000] "POST /api/map-info.php HTTP/1.1" 200 9 "http://ec2-54-157-62-1.compute-1.amazonaws.com/log/map.php?code=trhy5w" "Mozilla/5.0 (Macintosh; Intel Mac OS X 10_13_3) AppleWebKit/537.36 (KHTML, like Gecko) Chrome/64.0.3282.167 Safari/537.36"
150.250.5.25 - - [19/Mar/2018:14:35:12 +0000] "POST /api/map-info.php HTTP/1.1" 200 2 "http://ec2-54-157-62-1.compute-1.amazonaws.com/log/map.php?code=trhy5w" "Mozilla/5.0 (Macintosh; Intel Mac OS X 10_13_3) AppleWebKit/537.36 (KHTML, like Gecko) Chrome/64.0.3282.167 Safari/537.36"
150.250.5.25 - - [19/Mar/2018:14:36:43 +0000] "GET /api/mobile.php HTTP/1.1" 200 - "-" "Mozilla/5.0 (Macintosh; Intel Mac OS X 10_13_3) AppleWebKit/537.36 (KHTML, like Gecko) Chrome/64.0.3282.167 Safari/537.36"
150.250.5.31 - - [19/Mar/2018:14:38:24 +0000] "POST /api/mobile.php HTTP/1.1" 200 - "-" "Dalvik/2.1.0 (Linux; U; Android 5.1.1; LGMS330 Build/LMY47V)"
150.250.5.25 - - [19/Mar/2018:14:38:29 +0000] "GET /api/mobile.php HTTP/1.1" 200 - "-" "Mozilla/5.0 (Macintosh; Intel Mac OS X 10_13_3) AppleWebKit/537.36 (KHTML, like Gecko) Chrome/64.0.3282.167 Safari/537.36"
150.250.5.25 - - [19/Mar/2018:14:38:31 +0000] "GET /api/mobile.php HTTP/1.1" 200 - "-" "Mozilla/5.0 (Macintosh; Intel Mac OS X 10_13_3) AppleWebKit/537.36 (KHTML, like Gecko) Chrome/64.0.3282.167 Safari/537.36"
150.250.5.25 - - [19/Mar/2018:14:38:37 +0000] "GET /api/mobile.php HTTP/1.1" 200 - "-" "Mozilla/5.0 (Macintosh; Intel Mac OS X 10_13_3) AppleWebKit/537.36 (KHTML, like Gecko) Chrome/64.0.3282.167 Safari/537.36"
150.250.5.25 - - [19/Mar/2018:14:39:08 +0000] "GET /api/mobile.php HTTP/1.1" 200 - "-" "Mozilla/5.0 (Macintosh; Intel Mac OS X 10_13_3) AppleWebKit/537.36 (KHTML, like Gecko) Chrome/64.0.3282.167 Safari/537.36"
150.250.5.25 - - [19/Mar/2018:14:40:06 +0000] "GET /api/mobile.php HTTP/1.1" 200 - "-" "Mozilla/5.0 (Macintosh; Intel Mac OS X 10_13_3) AppleWebKit/537.36 (KHTML, like Gecko) Chrome/64.0.3282.167 Safari/537.36"
150.250.5.25 - - [19/Mar/2018:14:40:07 +0000] "GET /api/mobile.php HTTP/1.1" 200 - "-" "Mozilla/5.0 (Macintosh; Intel Mac OS X 10_13_3) AppleWebKit/537.36 (KHTML, like Gecko) Chrome/64.0.3282.167 Safari/537.36"
150.250.5.31 - - [19/Mar/2018:14:40:30 +0000] "POST /api/mobile.php HTTP/1.1" 200 - "-" "Dalvik/2.1.0 (Linux; U; Android 5.1.1; LGMS330 Build/LMY47V)"
150.250.5.25 - - [19/Mar/2018:14:40:35 +0000] "GET /api/mobile.php HTTP/1.1" 200 - "-" "Mozilla/5.0 (Macintosh; Intel Mac OS X 10_13_3) AppleWebKit/537.36 (KHTML, like Gecko) Chrome/64.0.3282.167 Safari/537.36"
150.250.5.25 - - [19/Mar/2018:14:42:06 +0000] "-" 408 - "-" "-"
150.250.5.31 - - [19/Mar/2018:14:44:55 +0000] "POST /api/mobile.php HTTP/1.1" 200 - "-" "Dalvik/2.1.0 (Linux; U; Android 5.1.1; LGMS330 Build/LMY47V)"
150.250.5.25 - - [19/Mar/2018:14:45:30 +0000] "GET /log/runs.php HTTP/1.1" 200 1250 "http://ec2-54-157-62-1.compute-1.amazonaws.com/login.php" "Mozilla/5.0 (Macintosh; Intel Mac OS X 10_13_3) AppleWebKit/537.36 (KHTML, like Gecko) Chrome/64.0.3282.167 Safari/537.36"
150.250.5.25 - - [19/Mar/2018:14:45:33 +0000] "GET /log/map.php?code=trhy5w HTTP/1.1" 200 1622 "http://ec2-54-157-62-1.compute-1.amazonaws.com/log/runs.php" "Mozilla/5.0 (Macintosh; Intel Mac OS X 10_13_3) AppleWebKit/537.36 (KHTML, like Gecko) Chrome/64.0.3282.167 Safari/537.36"
150.250.5.25 - - [19/Mar/2018:14:45:33 +0000] "POST /api/map-info.php HTTP/1.1" 200 9 "http://ec2-54-157-62-1.compute-1.amazonaws.com/log/map.php?code=trhy5w" "Mozilla/5.0 (Macintosh; Intel Mac OS X 10_13_3) AppleWebKit/537.36 (KHTML, like Gecko) Chrome/64.0.3282.167 Safari/537.36"
150.250.5.25 - - [19/Mar/2018:14:45:33 +0000] "POST /api/map-info.php HTTP/1.1" 200 2 "http://ec2-54-157-62-1.compute-1.amazonaws.com/log/map.php?code=trhy5w" "Mozilla/5.0 (Macintosh; Intel Mac OS X 10_13_3) AppleWebKit/537.36 (KHTML, like Gecko) Chrome/64.0.3282.167 Safari/537.36"
150.250.5.25 - - [19/Mar/2018:14:45:35 +0000] "GET /log/runs.php HTTP/1.1" 200 1250 "http://ec2-54-157-62-1.compute-1.amazonaws.com/login.php" "Mozilla/5.0 (Macintosh; Intel Mac OS X 10_13_3) AppleWebKit/537.36 (KHTML, like Gecko) Chrome/64.0.3282.167 Safari/537.36"
150.250.5.25 - - [19/Mar/2018:14:45:49 +0000] "GET /log/map.php?code=hjay3j HTTP/1.1" 200 1622 "http://ec2-54-157-62-1.compute-1.amazonaws.com/log/runs.php" "Mozilla/5.0 (Macintosh; Intel Mac OS X 10_13_3) AppleWebKit/537.36 (KHTML, like Gecko) Chrome/64.0.3282.167 Safari/537.36"
150.250.5.25 - - [19/Mar/2018:14:45:50 +0000] "POST /api/map-info.php HTTP/1.1" 200 9 "http://ec2-54-157-62-1.compute-1.amazonaws.com/log/map.php?code=hjay3j" "Mozilla/5.0 (Macintosh; Intel Mac OS X 10_13_3) AppleWebKit/537.36 (KHTML, like Gecko) Chrome/64.0.3282.167 Safari/537.36"
150.250.5.25 - - [19/Mar/2018:14:45:50 +0000] "POST /api/map-info.php HTTP/1.1" 200 2 "http://ec2-54-157-62-1.compute-1.amazonaws.com/log/map.php?code=hjay3j" "Mozilla/5.0 (Macintosh; Intel Mac OS X 10_13_3) AppleWebKit/537.36 (KHTML, like Gecko) Chrome/64.0.3282.167 Safari/537.36"
150.250.5.31 - - [19/Mar/2018:14:45:54 +0000] "POST /api/mobile.php HTTP/1.1" 200 - "-" "Dalvik/2.1.0 (Linux; U; Android 5.1.1; LGMS330 Build/LMY47V)"
150.250.5.25 - - [19/Mar/2018:14:46:01 +0000] "GET /api/mobile.php HTTP/1.1" 200 - "-" "Mozilla/5.0 (Macintosh; Intel Mac OS X 10_13_3) AppleWebKit/537.36 (KHTML, like Gecko) Chrome/64.0.3282.167 Safari/537.36"
150.250.5.25 - - [19/Mar/2018:14:46:03 +0000] "GET /api/mobile.php HTTP/1.1" 200 - "-" "Mozilla/5.0 (Macintosh; Intel Mac OS X 10_13_3) AppleWebKit/537.36 (KHTML, like Gecko) Chrome/64.0.3282.167 Safari/537.36"
150.250.5.25 - - [19/Mar/2018:14:46:59 +0000] "GET /api/mobile.php HTTP/1.1" 200 - "-" "Mozilla/5.0 (Macintosh; Intel Mac OS X 10_13_3) AppleWebKit/537.36 (KHTML, like Gecko) Chrome/64.0.3282.167 Safari/537.36"
150.250.5.31 - - [19/Mar/2018:14:47:40 +0000] "POST /api/mobile.php HTTP/1.1" 200 - "-" "Dalvik/2.1.0 (Linux; U; Android 5.1.1; LGMS330 Build/LMY47V)"
150.250.5.25 - - [19/Mar/2018:14:47:44 +0000] "GET /api/mobile.php HTTP/1.1" 200 - "-" "Mozilla/5.0 (Macintosh; Intel Mac OS X 10_13_3) AppleWebKit/537.36 (KHTML, like Gecko) Chrome/64.0.3282.167 Safari/537.36"
150.250.5.25 - - [19/Mar/2018:14:47:46 +0000] "GET /api/mobile.php HTTP/1.1" 200 - "-" "Mozilla/5.0 (Macintosh; Intel Mac OS X 10_13_3) AppleWebKit/537.36 (KHTML, like Gecko) Chrome/64.0.3282.167 Safari/537.36"
150.250.5.25 - - [19/Mar/2018:14:51:30 +0000] "GET /api/mobile.php HTTP/1.1" 200 - "-" "Mozilla/5.0 (Macintosh; Intel Mac OS X 10_13_3) AppleWebKit/537.36 (KHTML, like Gecko) Chrome/64.0.3282.167 Safari/537.36"
150.250.5.25 - - [19/Mar/2018:14:51:32 +0000] "GET /api/mobile.php HTTP/1.1" 200 - "-" "Mozilla/5.0 (Macintosh; Intel Mac OS X 10_13_3) AppleWebKit/537.36 (KHTML, like Gecko) Chrome/64.0.3282.167 Safari/537.36"
150.250.5.25 - - [19/Mar/2018:14:54:39 +0000] "GET /log/runs.php HTTP/1.1" 200 1250 "http://ec2-54-157-62-1.compute-1.amazonaws.com/login.php" "Mozilla/5.0 (Macintosh; Intel Mac OS X 10_13_3) AppleWebKit/537.36 (KHTML, like Gecko) Chrome/64.0.3282.167 Safari/537.36"
150.250.5.25 - - [19/Mar/2018:14:54:41 +0000] "GET /log/map.php?code=trhy5w HTTP/1.1" 200 1622 "http://ec2-54-157-62-1.compute-1.amazonaws.com/log/runs.php" "Mozilla/5.0 (Macintosh; Intel Mac OS X 10_13_3) AppleWebKit/537.36 (KHTML, like Gecko) Chrome/64.0.3282.167 Safari/537.36"
150.250.5.25 - - [19/Mar/2018:14:54:41 +0000] "POST /api/map-info.php HTTP/1.1" 200 9 "http://ec2-54-157-62-1.compute-1.amazonaws.com/log/map.php?code=trhy5w" "Mozilla/5.0 (Macintosh; Intel Mac OS X 10_13_3) AppleWebKit/537.36 (KHTML, like Gecko) Chrome/64.0.3282.167 Safari/537.36"
150.250.5.25 - - [19/Mar/2018:14:54:41 +0000] "POST /api/map-info.php HTTP/1.1" 200 2 "http://ec2-54-157-62-1.compute-1.amazonaws.com/log/map.php?code=trhy5w" "Mozilla/5.0 (Macintosh; Intel Mac OS X 10_13_3) AppleWebKit/537.36 (KHTML, like Gecko) Chrome/64.0.3282.167 Safari/537.36"
150.250.5.25 - - [19/Mar/2018:14:54:47 +0000] "GET /log/runs.php HTTP/1.1" 200 1250 "http://ec2-54-157-62-1.compute-1.amazonaws.com/login.php" "Mozilla/5.0 (Macintosh; Intel Mac OS X 10_13_3) AppleWebKit/537.36 (KHTML, like Gecko) Chrome/64.0.3282.167 Safari/537.36"
150.250.5.25 - - [19/Mar/2018:14:54:48 +0000] "GET /log/map.php?code=trhy5w HTTP/1.1" 200 1622 "http://ec2-54-157-62-1.compute-1.amazonaws.com/log/runs.php" "Mozilla/5.0 (Macintosh; Intel Mac OS X 10_13_3) AppleWebKit/537.36 (KHTML, like Gecko) Chrome/64.0.3282.167 Safari/537.36"
150.250.5.25 - - [19/Mar/2018:14:54:49 +0000] "POST /api/map-info.php HTTP/1.1" 200 9 "http://ec2-54-157-62-1.compute-1.amazonaws.com/log/map.php?code=trhy5w" "Mozilla/5.0 (Macintosh; Intel Mac OS X 10_13_3) AppleWebKit/537.36 (KHTML, like Gecko) Chrome/64.0.3282.167 Safari/537.36"
150.250.5.25 - - [19/Mar/2018:14:54:49 +0000] "POST /api/map-info.php HTTP/1.1" 200 2 "http://ec2-54-157-62-1.compute-1.amazonaws.com/log/map.php?code=trhy5w" "Mozilla/5.0 (Macintosh; Intel Mac OS X 10_13_3) AppleWebKit/537.36 (KHTML, like Gecko) Chrome/64.0.3282.167 Safari/537.36"
150.250.5.31 - - [19/Mar/2018:14:54:58 +0000] "POST /api/mobile.php HTTP/1.1" 200 - "-" "Dalvik/2.1.0 (Linux; U; Android 5.1.1; LGMS330 Build/LMY47V)"
150.250.5.25 - - [19/Mar/2018:14:55:04 +0000] "GET /api/mobile.php HTTP/1.1" 200 - "-" "Mozilla/5.0 (Macintosh; Intel Mac OS X 10_13_3) AppleWebKit/537.36 (KHTML, like Gecko) Chrome/64.0.3282.167 Safari/537.36"
150.250.5.25 - - [19/Mar/2018:14:55:06 +0000] "GET /api/mobile.php HTTP/1.1" 200 - "-" "Mozilla/5.0 (Macintosh; Intel Mac OS X 10_13_3) AppleWebKit/537.36 (KHTML, like Gecko) Chrome/64.0.3282.167 Safari/537.36"
150.250.5.25 - - [19/Mar/2018:14:55:14 +0000] "GET /api/mobile.php HTTP/1.1" 200 - "-" "Mozilla/5.0 (Macintosh; Intel Mac OS X 10_13_3) AppleWebKit/537.36 (KHTML, like Gecko) Chrome/64.0.3282.167 Safari/537.36"
150.250.5.31 - - [19/Mar/2018:14:55:34 +0000] "POST /api/mobile.php HTTP/1.1" 200 - "-" "Dalvik/2.1.0 (Linux; U; Android 5.1.1; LGMS330 Build/LMY47V)"
150.250.5.25 - - [19/Mar/2018:14:55:58 +0000] "GET /api/mobile.php HTTP/1.1" 200 - "-" "Mozilla/5.0 (Macintosh; Intel Mac OS X 10_13_3) AppleWebKit/537.36 (KHTML, like Gecko) Chrome/64.0.3282.167 Safari/537.36"
150.250.5.25 - - [19/Mar/2018:14:56:01 +0000] "GET /api/mobile.php HTTP/1.1" 200 - "-" "Mozilla/5.0 (Macintosh; Intel Mac OS X 10_13_3) AppleWebKit/537.36 (KHTML, like Gecko) Chrome/64.0.3282.167 Safari/537.36"
150.250.5.31 - - [19/Mar/2018:14:56:30 +0000] "POST /api/mobile.php HTTP/1.1" 200 - "-" "Dalvik/2.1.0 (Linux; U; Android 5.1.1; LGMS330 Build/LMY47V)"
150.250.5.25 - - [19/Mar/2018:14:56:38 +0000] "GET /api/mobile.php HTTP/1.1" 200 - "-" "Mozilla/5.0 (Macintosh; Intel Mac OS X 10_13_3) AppleWebKit/537.36 (KHTML, like Gecko) Chrome/64.0.3282.167 Safari/537.36"
150.250.5.25 - - [19/Mar/2018:14:56:46 +0000] "GET /log/map.php?code=trhy5w HTTP/1.1" 200 1622 "http://ec2-54-157-62-1.compute-1.amazonaws.com/log/runs.php" "Mozilla/5.0 (Macintosh; Intel Mac OS X 10_13_3) AppleWebKit/537.36 (KHTML, like Gecko) Chrome/64.0.3282.167 Safari/537.36"
150.250.5.25 - - [19/Mar/2018:14:56:46 +0000] "POST /api/map-info.php HTTP/1.1" 200 9 "http://ec2-54-157-62-1.compute-1.amazonaws.com/log/map.php?code=trhy5w" "Mozilla/5.0 (Macintosh; Intel Mac OS X 10_13_3) AppleWebKit/537.36 (KHTML, like Gecko) Chrome/64.0.3282.167 Safari/537.36"
150.250.5.25 - - [19/Mar/2018:14:56:46 +0000] "POST /api/map-info.php HTTP/1.1" 200 2 "http://ec2-54-157-62-1.compute-1.amazonaws.com/log/map.php?code=trhy5w" "Mozilla/5.0 (Macintosh; Intel Mac OS X 10_13_3) AppleWebKit/537.36 (KHTML, like Gecko) Chrome/64.0.3282.167 Safari/537.36"
150.250.5.31 - - [19/Mar/2018:14:59:23 +0000] "POST /api/mobile.php HTTP/1.1" 200 - "-" "Dalvik/2.1.0 (Linux; U; Android 5.1.1; LGMS330 Build/LMY47V)"
150.250.5.25 - - [19/Mar/2018:14:59:27 +0000] "GET /api/mobile.php HTTP/1.1" 200 - "-" "Mozilla/5.0 (Macintosh; Intel Mac OS X 10_13_3) AppleWebKit/537.36 (KHTML, like Gecko) Chrome/64.0.3282.167 Safari/537.36"
